ets Jul 29 2019 12:21:46

rst:ï¿½ets Jul 29 2019 12:21:46

rst:0x1 (POWERON_RESET),boot:0x13 (SPI_FAST_FLASH_BOOT)
configsip: 0, SPIWP:0xee
clk_drv:0x00,q_drv:0x00,d_drv:0x00,cs0_drv:0x00,hd_drv:0x00,wp_drv:0x00
mode:DIO, clock div:2
load:0x3fff0030,len:7172
load:0x40078000,len:15532
load:0x40080400,len:4
load:0x40080404,len:3904
entry 0x40080640
[0;32mI (29) boot: ESP-IDF v5.2 2nd stage bootloader[0m
[0;32mI (29) boot: compile time Jul  1 2024 00:29:34[0m
[0;32mI (29) boot: Multicore bootloader[0m
[0;32mI (33) boot: chip revision: v3.0[0m
[0;32mI (37) boot.esp32: SPI Speed      : 40MHz[0m
[0;32mI (42) boot.esp32: SPI Mode       : DIO[0m
[0;32mI (46) boot.esp32: SPI Flash Size : 2MB[0m
[0;32mI (51) boot: Enabling RNG early entropy source...[0m
[0;32mI (56) boot: Partition Table:[0m
[0;32mI (60) boot: ## Label            Usage          Type ST Offset   Length[0m
[0;32mI (67) boot:  0 nvs              WiFi data        01 02 00009000 00006000[0m
[0;32mI (75) boot:  1 phy_init         RF data          01 01 0000f000 00001000[0m
[0;32mI (82) boot:  2 factory          factory app      00 00 00010000 00100000[0m
[0;32mI (90) boot:  3 storage          Unknown data     01 82 00110000 000f0000[0m
[0;32mI (97) boot: End of partition table[0m
[0;32mI (101) esp_image: segment 0: paddr=00010020 vaddr=3f400020 size=2cb20h (183072) map[0m
[0;32mI (173) esp_image: segment 1: paddr=0003cb48 vaddr=3ffb0000 size=034d0h ( 13520) load[0m
[0;32mI (178) esp_image: segment 2: paddr=00040020 vaddr=400d0020 size=aa760h (698208) map[0m
[0;32mI (418) esp_image: segment 3: paddr=000ea788 vaddr=3ffb34d0 size=008f4h (  2292) load[0m
[0;32mI (419) esp_image: segment 4: paddr=000eb084 vaddr=40080000 size=182f0h ( 99056) load[0m
[0;32mI (474) boot: Loaded app from partition at offset 0x10000[0m
[0;32mI (474) boot: Disabling RNG early entropy source...[0m
[0;32mI (486) cpu_start: Multicore app[0m
[0;32mI (495) cpu_start: Pro cpu start user code[0m
[0;32mI (495) cpu_start: cpu freq: 240000000 Hz[0m
[0;32mI (495) cpu_start: Application information:[0m
[0;32mI (498) cpu_start: Project name:     st7789[0m
[0;32mI (503) cpu_start: App version:      1[0m
[0;32mI (507) cpu_start: Compile time:     Jul  1 2024 00:40:48[0m
[0;32mI (513) cpu_start: ELF file SHA256:  8ce7e9cd1...[0m
[0;32mI (518) cpu_start: ESP-IDF:          v5.2[0m
[0;32mI (523) cpu_start: Min chip rev:     v0.0[0m
[0;32mI (528) cpu_start: Max chip rev:     v3.99 [0m
[0;32mI (533) cpu_start: Chip rev:         v3.0[0m
[0;32mI (538) heap_init: Initializing. RAM available for dynamic allocation:[0m
[0;32mI (545) heap_init: At 3FFAE6E0 len 00001920 (6 KiB): DRAM[0m
[0;32mI (551) heap_init: At 3FFB9888 len 00026778 (153 KiB): DRAM[0m
[0;32mI (557) heap_init: At 3FFE0440 len 00003AE0 (14 KiB): D/IRAM[0m
[0;32mI (563) heap_init: At 3FFE4350 len 0001BCB0 (111 KiB): D/IRAM[0m
[0;32mI (570) heap_init: At 400982F0 len 00007D10 (31 KiB): IRAM[0m
[0;32mI (577) spi_flash: detected chip: generic[0m
[0;32mI (580) spi_flash: flash io: dio[0m
[0;33mW (584) spi_flash: Detected size(4096k) larger than the size in the binary image header(2048k). Using the size in the binary image header.[0m
[0;33mW (598) i2c: This driver is an old driver, please migrate your application code to adapt `driver/i2c_master.h`[0m
[0;32mI (609) main_task: Started on CPU0[0m
[0;32mI (619) main_task: Calling app_main()[0m
[0;32mI (699) DEVICE: Partition size: total: 896321, used: 73543[0m
[0;32mI (879) DEVICE: SSID: eunionoffice[0m
[0;32mI (879) DEVICE: Password: !!!taolao123[0m
[0;32mI (879) DEVICE: DeviceId: AZyYXXjpRgyHyJSgEsTkpBzNp61F_dKGkNjjCMsUMdQsQPHWJNeG2aN61QZ-Dnh[0m
[0;32mI (889) DEVICE: ServiceCode: EGb-tEe9T5SZqg8d3uFH_y_NW3eqh7W3K4MSC7bz7fmVuUkkRwl4mVC0G6g_IuO[0m
[0;32mI (889) DEVICE: BusinessName: YNGU20[0m
[0;32mI (899) DEVICE: Number of Products: 5[0m
[0;32mI (899) DEVICE: Admin Password: 1234231[0m
[0;32mI (909) DEVICE: Supporter Password: champenaivematron[0m
I (929) wifi:wifi driver task: 3ffc2710, prio:23, stack:6656, core=0
I (949) wifi:wifi firmware version: cc1dd81
I (949) wifi:wifi certification version: v7.0
I (949) wifi:config NVS flash: enabled
I (949) wifi:config nano formating: disabled
I (949) wifi:Init data frame dynamic rx buffer num: 32
I (959) wifi:Init static rx mgmt buffer num: 5
I (959) wifi:Init management short buffer num: 32
I (969) wifi:Init dynamic tx buffer num: 32
I (969) wifi:Init static rx buffer size: 1600
I (969) wifi:Init static rx buffer num: 10
I (979) wifi:Init dynamic rx buffer num: 32
[0;32mI (979) wifi_init: rx ba win: 6[0m
[0;32mI (979) wifi_init: tcpip mbox: 32[0m
[0;32mI (989) wifi_init: udp mbox: 6[0m
[0;32mI (989) wifi_init: tcp mbox: 6[0m
[0;32mI (999) wifi_init: tcp tx win: 5760[0m
[0;32mI (999) wifi_init: tcp rx win: 5760[0m
[0;32mI (999) wifi_init: tcp mss: 1440[0m
[0;32mI (1009) wifi_init: WiFi IRAM OP enabled[0m
[0;32mI (1009) wifi_init: WiFi RX IRAM OP enabled[0m
[0;32mI (1019) phy_init: phy_version 4791,2c4672b,Dec 20 2023,16:06:06[0m
I (1089) wifi:mode : sta (24:d7:eb:18:3f:7c) + softAP (24:d7:eb:18:3f:7d)
I (1089) wifi:enable tsf
I (1099) wifi:Total power save buffer number: 16
I (1099) wifi:Init max length of beacon: 752/752
I (1099) wifi:Init max length of beacon: 752/752
[0;32mI (1109) esp_netif_lwip: DHCP server started on interface WIFI_AP_DEF with IP: 192.168.4.1[0m
I (1119) wifi:ap channel adjust o:1,1 n:7,2
I (1119) wifi:new:<7,0>, old:<1,1>, ap:<7,2>, sta:<7,0>, prof:1
I (1119) wifi:state: init -> auth (b0)
I (1139) wifi:state: auth -> assoc (0)
I (1189) wifi:state: assoc -> run (10)
I (1289) wifi:connected with eunionoffice, aid = 2, channel 7, BW20, bssid = d4:9a:a0:be:2f:90
I (1299) wifi:security: WPA2-PSK, phy: bgn, rssi: -47
I (1299) wifi:pm start, type: 1

I (1299) wifi:dp: 1, bi: 102400, li: 3, scale listen interval from 307200 us to 307200 us
I (1369) wifi:AP's beacon interval = 102400 us, DTIM period = 1
[0;32mI (2309) esp_netif_handlers: sta ip: 192.168.1.5, mask: 255.255.255.0, gw: 192.168.1.1[0m
[0;32mI (2309) DEVICE: got ip:192.168.1.5[0m
[0;32mI (2309) DEVICE: connected to ap SSID:eunionoffice password:!!!taolao123[0m
[0;32mI (2319) DEVICE: Connected to WiFi network[0m
[0;32mI (2319) DEVICE: Hosting at 192.168.4.1 now![0m
[0;32mI (2329) DEVICE: Auth header value: Basic AZyYXXjpRgyHyJSgEsTkpBzNp61F_dKGkNjjCMsUMdQsQPHWJNeG2aN61QZ-Dnh:EGb-tEe9T5SZqg8d3uFH_y_NW3eqh7W3K4MSC7bz7fmVuUkkRwl4mVC0G6g_IuO[0m
I (2349) wifi:<ba-add>idx:0 (ifx:0, d4:9a:a0:be:2f:90), tid:0, ssn:112, winSize:64
I (2599) wifi:<ba-add>idx:1 (ifx:0, d4:9a:a0:be:2f:90), tid:4, ssn:1, winSize:64
[0;31mE (2709) esp-tls-mbedtls: No server verification option set in esp_tls_cfg_t structure. Check esp_tls API reference[0m
[0;31mE (2709) esp-tls-mbedtls: Failed to set client configurations, returned [0x8017] (ESP_ERR_MBEDTLS_SSL_SETUP_FAILED)[0m
[0;31mE (2719) esp-tls: create_ssl_handle failed[0m
[0;31mE (2719) esp-tls: Failed to open new connection[0m
[0;31mE (2729) transport_base: Failed to open a new connection[0m
[0;31mE (2739) HTTP_CLIENT: Connection failed, sock < 0[0m
[0;31mE (2739) DEVICE: HTTP POST request failed: ESP_ERR_HTTP_CONNECT[0m
[0;32mI (2749) ST7789: GPIO_CS=5[0m
[0;32mI (2749) gpio: GPIO[5]| InputEn: 0| OutputEn: 0| OpenDrain: 0| Pullup: 1| Pulldown: 0| Intr:0 [0m
[0;32mI (2759) ST7789: GPIO_DC=19[0m
[0;32mI (2759) gpio: GPIO[19]| InputEn: 0| OutputEn: 0| OpenDrain: 0| Pullup: 1| Pulldown: 0| Intr:0 [0m
[0;32mI (2769) ST7789: GPIO_RESET=17[0m
[0;32mI (2779) gpio: GPIO[17]| InputEn: 0| OutputEn: 0| OpenDrain: 0| Pullup: 1| Pulldown: 0| Intr:0 [0m
[0;32mI (2789) main_task: Returned from app_main()[0m
[0;32mI (3089) ST7789: GPIO_BL=-1[0m
[0;32mI (3089) ST7789: GPIO_MOSI=23[0m
[0;32mI (3089) ST7789: GPIO_SCLK=18[0m
[0;32mI (6549) PNGTest: elapsed time[ms]:2760[0m
[0;32mI (10549) DEVICE: Base64 decoded image size: 816[0m
[0;32mI (10549) DEVICE: Base64 decoded image: ï¿½PNG

[0m
[0;32mI (14029) PNGTest: elapsed time[ms]:3240[0m
