ets Jul 29 2019 12:21:46

rst:0ets Jul 29 2019 12:21:46

rst:0x1 (POWERON_RESET),boot:0x13 (SPI_FAST_FLASH_BOOT)
configsip: 0, SPIWP:0xee
clk_drv:0x00,q_drv:0x00,d_drv:0x00,cs0_drv:0x00,hd_drv:0x00,wp_drv:0x00
mode:DIO, clock div:2
load:0x3fff0030,len:7172
load:0x40078000,len:15532
load:0x40080400,len:4
load:0x40080404,len:3904
entry 0x40080640
[0;32mI (29) boot: ESP-IDF v5.2 2nd stage bootloader[0m
[0;32mI (29) boot: compile time Jul  1 2024 01:48:00[0m
[0;32mI (29) boot: Multicore bootloader[0m
[0;32mI (33) boot: chip revision: v3.0[0m
[0;32mI (37) boot.esp32: SPI Speed      : 40MHz[0m
[0;32mI (42) boot.esp32: SPI Mode       : DIO[0m
[0;32mI (46) boot.esp32: SPI Flash Size : 4MB[0m
[0;32mI (51) boot: Enabling RNG early entropy source...[0m
[0;32mI (56) boot: Partition Table:[0m
[0;32mI (60) boot: ## Label            Usage          Type ST Offset   Length[0m
[0;32mI (67) boot:  0 nvs              WiFi data        01 02 00009000 00006000[0m
[0;32mI (75) boot:  1 phy_init         RF data          01 01 0000f000 00001000[0m
[0;32mI (82) boot:  2 factory          factory app      00 00 00010000 00110000[0m
[0;32mI (90) boot:  3 storage          Unknown data     01 82 00120000 00210000[0m
[0;32mI (97) boot: End of partition table[0m
[0;32mI (101) esp_image: segment 0: paddr=00010020 vaddr=3f400020 size=3c6f8h (247544) map[0m
[0;32mI (195) esp_image: segment 1: paddr=0004c720 vaddr=3ffb0000 size=038f8h ( 14584) load[0m
[0;32mI (200) esp_image: segment 2: paddr=00050020 vaddr=400d0020 size=aab88h (699272) map[0m
[0;32mI (440) esp_image: segment 3: paddr=000fabb0 vaddr=3ffb38f8 size=004cch (  1228) load[0m
[0;32mI (441) esp_image: segment 4: paddr=000fb084 vaddr=40080000 size=182f0h ( 99056) load[0m
[0;32mI (497) boot: Loaded app from partition at offset 0x10000[0m
[0;32mI (497) boot: Disabling RNG early entropy source...[0m
[0;32mI (508) cpu_start: Multicore app[0m
[0;32mI (517) cpu_start: Pro cpu start user code[0m
[0;32mI (517) cpu_start: cpu freq: 240000000 Hz[0m
[0;32mI (517) cpu_start: Application information:[0m
[0;32mI (520) cpu_start: Project name:     st7789[0m
[0;32mI (525) cpu_start: App version:      1[0m
[0;32mI (530) cpu_start: Compile time:     Jul  1 2024 01:47:40[0m
[0;32mI (536) cpu_start: ELF file SHA256:  e2a68cd60...[0m
[0;32mI (541) cpu_start: ESP-IDF:          v5.2[0m
[0;32mI (546) cpu_start: Min chip rev:     v0.0[0m
[0;32mI (550) cpu_start: Max chip rev:     v3.99 [0m
[0;32mI (555) cpu_start: Chip rev:         v3.0[0m
[0;32mI (560) heap_init: Initializing. RAM available for dynamic allocation:[0m
[0;32mI (567) heap_init: At 3FFAE6E0 len 00001920 (6 KiB): DRAM[0m
[0;32mI (573) heap_init: At 3FFB9A30 len 000265D0 (153 KiB): DRAM[0m
[0;32mI (579) heap_init: At 3FFE0440 len 00003AE0 (14 KiB): D/IRAM[0m
[0;32mI (586) heap_init: At 3FFE4350 len 0001BCB0 (111 KiB): D/IRAM[0m
[0;32mI (592) heap_init: At 400982F0 len 00007D10 (31 KiB): IRAM[0m
[0;32mI (600) spi_flash: detected chip: generic[0m
[0;32mI (603) spi_flash: flash io: dio[0m
[0;33mW (607) i2c: This driver is an old driver, please migrate your application code to adapt `driver/i2c_master.h`[0m
[0;32mI (618) main_task: Started on CPU0[0m
[0;32mI (628) main_task: Calling app_main()[0m
[0;32mI (798) DEVICE: Partition size: total: 1980641, used: 73543[0m
[0;32mI (1148) WIFI: SSID: eunionoffice[0m
[0;32mI (1148) WIFI: Password: !!!taolao123[0m
[0;32mI (1148) WIFI: DeviceId: AZyYXXjpRgyHyJSgEsTkpBzNp61F_dKGkNjjCMsUMdQsQPHWJNeG2aN61QZ-Dnhk4IgEWoLJJX6pJO7Y[0m
[0;32mI (1148) WIFI: ServiceCode: EGb-tEe9T5SZqg8d3uFH_y_NW3eqh7W3K4MSC7bz7fmVuUkkRwl4mVC0G6g_IuO6nZStilDL2US2b9ez[0m
[0;32mI (1158) WIFI: BusinessName: YNGU20[0m
[0;32mI (1168) WIFI: Number of Products: 5[0m
[0;32mI (1168) WIFI: Admin Password: 1234231[0m
[0;32mI (1178) WIFI: Supporter Password: champenaivematron[0m
I (1198) wifi:wifi driver task: 3ffc2908, prio:23, stack:6656, core=0
I (1218) wifi:wifi firmware version: cc1dd81
I (1218) wifi:wifi certification version: v7.0
I (1218) wifi:config NVS flash: enabled
I (1218) wifi:config nano formating: disabled
I (1218) wifi:Init data frame dynamic rx buffer num: 32
I (1228) wifi:Init static rx mgmt buffer num: 5
I (1228) wifi:Init management short buffer num: 32
I (1238) wifi:Init dynamic tx buffer num: 32
I (1238) wifi:Init static rx buffer size: 1600
I (1238) wifi:Init static rx buffer num: 10
I (1248) wifi:Init dynamic rx buffer num: 32
[0;32mI (1248) wifi_init: rx ba win: 6[0m
[0;32mI (1258) wifi_init: tcpip mbox: 32[0m
[0;32mI (1258) wifi_init: udp mbox: 6[0m
[0;32mI (1258) wifi_init: tcp mbox: 6[0m
[0;32mI (1268) wifi_init: tcp tx win: 5760[0m
[0;32mI (1268) wifi_init: tcp rx win: 5760[0m
[0;32mI (1278) wifi_init: tcp mss: 1440[0m
[0;32mI (1278) wifi_init: WiFi IRAM OP enabled[0m
[0;32mI (1288) wifi_init: WiFi RX IRAM OP enabled[0m
[0;32mI (1298) phy_init: phy_version 4791,2c4672b,Dec 20 2023,16:06:06[0m
I (1358) wifi:mode : sta (24:d7:eb:18:3f:7c) + softAP (24:d7:eb:18:3f:7d)
I (1368) wifi:enable tsf
I (1368) wifi:Total power save buffer number: 16
I (1368) wifi:Init max length of beacon: 752/752
I (1368) wifi:Init max length of beacon: 752/752
[0;32mI (1378) esp_netif_lwip: DHCP server started on interface WIFI_AP_DEF with IP: 192.168.4.1[0m
I (1388) wifi:ap channel adjust o:1,1 n:7,2
I (1388) wifi:new:<7,0>, old:<1,1>, ap:<7,2>, sta:<7,0>, prof:1
I (1398) wifi:state: init -> auth (b0)
I (1398) wifi:state: auth -> assoc (0)
I (1428) wifi:state: assoc -> run (10)
I (1548) wifi:connected with eunionoffice, aid = 2, channel 7, BW20, bssid = d4:9a:a0:be:2f:90
I (1548) wifi:security: WPA2-PSK, phy: bgn, rssi: -45
I (1548) wifi:pm start, type: 1

I (1548) wifi:dp: 1, bi: 102400, li: 3, scale listen interval from 307200 us to 307200 us
I (1578) wifi:AP's beacon interval = 102400 us, DTIM period = 1
I (2498) wifi:<ba-add>idx:0 (ifx:0, d4:9a:a0:be:2f:90), tid:1, ssn:189, winSize:64
[0;32mI (2558) esp_netif_handlers: sta ip: 192.168.1.5, mask: 255.255.255.0, gw: 192.168.1.1[0m
[0;32mI (2558) WIFI: got ip:192.168.1.5[0m
[0;32mI (2558) WIFI: connected to ap SSID:eunionoffice password:!!!taolao123[0m
[0;32mI (2568) WIFI: Connected to WiFi network[0m
[0;32mI (2568) WIFI: Hosting at 192.168.4.1 now![0m
[0;32mI (2578) WIFI: Client ID: AZyYXXjpRgyHyJSgEsTkpBzNp61F_dKGkNjjCMsUMdQsQPHWJNeG2aN61QZ-Dnhk4IgEWoLJJX6pJO7Y[0m
[0;32mI (2588) WIFI: Client Secret: EGb-tEe9T5SZqg8d3uFH_y_NW3eqh7W3K4MSC7bz7fmVuUkkRwl4mVC0G6g_IuO6nZStilDL2US2b9ez[0m
[0;32mI (2598) WIFI: Client credentials: AZyYXXjpRgyHyJSgEsTkpBzNp61F_dKGkNjjCMsUMdQsQPHWJNeG2aN61QZ-Dnhk4IgEWoLJJX6pJO7Y:EGb-tEe9T5SZqg8d3uFH_y_NW3eqh7W3K4MSC7bz7fmVuUkkRwl4mVC0G6g_IuO6nZStilDL2US2b9ez[0m
[0;32mI (2608) WIFI: Authorization header value: Basic QVp5WVhYanBSZ3lIeUpTZ0VzVGtwQnpOcDYxRl9kS0drTmpqQ01zVU1kUXNRUEhXSk5lRzJhTjYxUVotRG5oazRJZ0VXb0xKSlg2cEpPN1k6RUdiLXRFZTlUNVNacWc4ZDN1RkhfeV9OVzNlcWg3VzNLNE1TQzdiejdmbVZ1VWtrUndsNG1WQzBHNmdfSXVPNm5aU3RpbERMMlVTMmI5ZXo=[0m
I (2648) wifi:<ba-add>idx:1 (ifx:0, d4:9a:a0:be:2f:90), tid:0, ssn:206, winSize:64
[0;32mI (2958) esp-x509-crt-bundle: Certificate validated[0m
[0;32mI (3948) WIFI: Response: {"scope":"https://uri.paypal.com/services/payments/futurepayments https://uri.paypal.com/services/invoicing https://uri.paypal.com/services/disputes/read-buyer https://uri.paypal.com/services/payments/realtimepayment https://uri.paypal.com/services/disputes/update-seller https://uri.paypal.com/services/payments/payment/authcapture openid https://uri.paypal.com/services/disputes/read-seller https://uri.paypal.com/services/payments/refund https://api.paypal.com/v1/vault/credit-card https://api.paypal.com/v1/payments/.* https://uri.paypal.com/payments/payouts https://api.paypal.com/v1/vault/credit-card/.* https://uri.paypal.com/services/subscriptions https://uri.paypal.com/services/applications/webhooks","access_token":"A21AAK4AIqlsTXlHdH1DHylwCyosgq6h-MIIyWM96bojSempSxZOKAMBLfBYubE0I6wU-zTVA3Te-8_2zAGCvJYUJ6_3Xd_Ww","token_type":"Bearer","app_id":"APP-80W284485P519543T","expires_in":32267,"nonce":"2024-06-30T19:15:49Z4CI6HoJE6UO_yUCGGpjB8OMIyGgKa9PWDzduLYTBjvk"}[0m
[0;32mI (4028) ST7789: GPIO_CS=5[0m
[0;32mI (4028) gpio: GPIO[5]| InputEn: 0| OutputEn: 0| OpenDrain: 0| Pullup: 1| Pulldown: 0| Intr:0 [0m
[0;32mI (4038) main_task: Returned from app_main()[0m
[0;32mI (4038) ST7789: GPIO_DC=19[0m
[0;32mI (4048) gpio: GPIO[19]| InputEn: 0| OutputEn: 0| OpenDrain: 0| Pullup: 1| Pulldown: 0| Intr:0 [0m
[0;32mI (4058) ST7789: GPIO_RESET=17[0m
[0;32mI (4058) gpio: GPIO[17]| InputEn: 0| OutputEn: 0| OpenDrain: 0| Pullup: 1| Pulldown: 0| Intr:0 [0m
[0;32mI (4368) ST7789: GPIO_BL=-1[0m
[0;32mI (4368) ST7789: GPIO_MOSI=23[0m
[0;32mI (4368) ST7789: GPIO_SCLK=18[0m
[0;32mI (7818) PNGTest: elapsed time[ms]:2750[0m
[0;32mI (11818) DEVICE: Base64 decoded image size: 816[0m
[0;32mI (11818) DEVICE: Base64 decoded image: ï¿½PNG

[0m
[0;32mI (15328) PNGTest: elapsed time[ms]:3230[0m
