ets Jul 29 2019 12:21:46

rst:0ï¿½ets Jul 29 2019 12:21:46

rst:0x1 (POWERON_RESET),boot:0x13 (SPI_FAST_FLASH_BOOT)
configsip: 0, SPIWP:0xee
clk_drv:0x00,q_drv:0x00,d_drv:0x00,cs0_drv:0x00,hd_drv:0x00,wp_drv:0x00
mode:DIO, clock div:2
load:0x3fff0030,len:7172
load:0x40078000,len:15532
load:0x40080400,len:4
load:0x40080404,len:3904
entry 0x40080640
[0;32mI (29) boot: ESP-IDF v5.2 2nd stage bootloader[0m
[0;32mI (29) boot: compile time Jul  1 2024 01:48:00[0m
[0;32mI (29) boot: Multicore bootloader[0m
[0;32mI (33) boot: chip revision: v3.0[0m
[0;32mI (37) boot.esp32: SPI Speed      : 40MHz[0m
[0;32mI (42) boot.esp32: SPI Mode       : DIO[0m
[0;32mI (46) boot.esp32: SPI Flash Size : 4MB[0m
[0;32mI (51) boot: Enabling RNG early entropy source...[0m
[0;32mI (56) boot: Partition Table:[0m
[0;32mI (60) boot: ## Label            Usage          Type ST Offset   Length[0m
[0;32mI (67) boot:  0 nvs              WiFi data        01 02 00009000 00006000[0m
[0;32mI (75) boot:  1 phy_init         RF data          01 01 0000f000 00001000[0m
[0;32mI (82) boot:  2 factory          factory app      00 00 00010000 00110000[0m
[0;32mI (90) boot:  3 storage          Unknown data     01 82 00120000 00210000[0m
[0;32mI (97) boot: End of partition table[0m
[0;32mI (101) esp_image: segment 0: paddr=00010020 vaddr=3f400020 size=3c8b0h (247984) map[0m
[0;32mI (195) esp_image: segment 1: paddr=0004c8d8 vaddr=3ffb0000 size=03740h ( 14144) load[0m
[0;32mI (200) esp_image: segment 2: paddr=00050020 vaddr=400d0020 size=aade4h (699876) map[0m
[0;32mI (440) esp_image: segment 3: paddr=000fae0c vaddr=3ffb3740 size=00684h (  1668) load[0m
[0;32mI (441) esp_image: segment 4: paddr=000fb498 vaddr=40080000 size=182f0h ( 99056) load[0m
[0;32mI (497) boot: Loaded app from partition at offset 0x10000[0m
[0;32mI (497) boot: Disabling RNG early entropy source...[0m
[0;32mI (509) cpu_start: Multicore app[0m
[0;32mI (517) cpu_start: Pro cpu start user code[0m
[0;32mI (517) cpu_start: cpu freq: 240000000 Hz[0m
[0;32mI (517) cpu_start: Application information:[0m
[0;32mI (520) cpu_start: Project name:     st7789[0m
[0;32mI (525) cpu_start: App version:      1[0m
[0;32mI (530) cpu_start: Compile time:     Jul  1 2024 01:47:40[0m
[0;32mI (536) cpu_start: ELF file SHA256:  dad2588db...[0m
[0;32mI (541) cpu_start: ESP-IDF:          v5.2[0m
[0;32mI (546) cpu_start: Min chip rev:     v0.0[0m
[0;32mI (551) cpu_start: Max chip rev:     v3.99 [0m
[0;32mI (555) cpu_start: Chip rev:         v3.0[0m
[0;32mI (560) heap_init: Initializing. RAM available for dynamic allocation:[0m
[0;32mI (568) heap_init: At 3FFAE6E0 len 00001920 (6 KiB): DRAM[0m
[0;32mI (573) heap_init: At 3FFB9A30 len 000265D0 (153 KiB): DRAM[0m
[0;32mI (580) heap_init: At 3FFE0440 len 00003AE0 (14 KiB): D/IRAM[0m
[0;32mI (586) heap_init: At 3FFE4350 len 0001BCB0 (111 KiB): D/IRAM[0m
[0;32mI (592) heap_init: At 400982F0 len 00007D10 (31 KiB): IRAM[0m
[0;32mI (600) spi_flash: detected chip: generic[0m
[0;32mI (603) spi_flash: flash io: dio[0m
[0;33mW (608) i2c: This driver is an old driver, please migrate your application code to adapt `driver/i2c_master.h`[0m
[0;32mI (618) main_task: Started on CPU0[0m
[0;32mI (628) main_task: Calling app_main()[0m
[0;32mI (798) DEVICE: Partition size: total: 1980641, used: 74045[0m
[0;32mI (1218) WIFI: Name: Milk[0m
[0;32mI (1218) WIFI: Price: 15000
[0m
[0;32mI (1218) WIFI: Name: Bread[0m
[0;32mI (1218) WIFI: Price: 10000
[0m
[0;32mI (1228) WIFI: Name: Eggs[0m
[0;32mI (1228) WIFI: Price: 5000
[0m
[0;32mI (1228) WIFI: Name: Cheese[0m
[0;32mI (1238) WIFI: Price: 3000
[0m
[0;32mI (1238) WIFI: Name: Crab:1000000[0m
Guru Meditation Error: Core  0 panic'ed (LoadProhibited). Exception was unhandled.

Core  0 register dump:
PC      : 0x400014fd  PS      : 0x00060830  A0      : 0x801691b1  A1      : 0x3ffbb7e0  
A2      : 0x00000000  A3      : 0xfffffffc  A4      : 0x000000ff  A5      : 0x0000ff00  
A6      : 0x00ff0000  A7      : 0xff000000  A8      : 0x00000000  A9      : 0x3ffbb7a0  
A10     : 0x00000000  A11     : 0x00000001  A12     : 0x3ffbba24  A13     : 0x00000000  
A14     : 0x3f403c2c  A15     : 0x3ffbb9f4  SAR     : 0x00000004  EXCCAUSE: 0x0000001c  
EXCVADDR: 0x00000000  LBEG    : 0x400014fd  LEND    : 0x4000150d  LCOUNT  : 0xffffffff  


Backtrace: 0x400014fa:0x3ffbb7e0 0x401691ae:0x3ffbb7f0 0x401635e1:0x3ffbbb10 0x40179771:0x3ffbbb40 0x40090ea1:0x3ffbbb70 0x400da682:0x3ffbbbc0 0x400daadc:0x3ffbbce0 0x400d786d:0x3ffbbd10 0x40178e7c:0x3ffbbd40 0x4008a77d:0x3ffbbd60




ELF file SHA256: dad2588db

Rebooting...
ets Jul 29 2019 12:21:46

rst:0xc (SW_CPU_RESET),boot:0x13 (SPI_FAST_FLASH_BOOT)
configsip: 0, SPIWP:0xee
clk_drv:0x00,q_drv:0x00,d_drv:0x00,cs0_drv:0x00,hd_drv:0x00,wp_drv:0x00
mode:DIO, clock div:2
load:0x3fff0030,len:7172
load:0x40078000,len:15532
load:0x40080400,len:4
load:0x40080404,len:3904
entry 0x40080640
[0;32mI (29) boot: ESP-IDF v5.2 2nd stage bootloader[0m
[0;32mI (29) boot: compile time Jul  1 2024 01:48:00[0m
[0;32mI (29) boot: Multicore bootloader[0m
[0;32mI (33) boot: chip revision: v3.0[0m
[0;32mI (37) boot.esp32: SPI Speed      : 40MHz[0m
[0;32mI (42) boot.esp32: SPI Mode       : DIO[0m
[0;32mI (46) boot.esp32: SPI Flash Size : 4MB[0m
[0;32mI (51) boot: Enabling RNG early entropy source...[0m
[0;32mI (56) boot: Partition Table:[0m
[0;32mI (60) boot: ## Label            Usage          Type ST Offset   Length[0m
[0;32mI (67) boot:  0 nvs              WiFi data        01 02 00009000 00006000[0m
[0;32mI (75) boot:  1 phy_init         RF data          01 01 0000f000 00001000[0m
[0;32mI (82) boot:  2 factory          factory app      00 00 00010000 00110000[0m
[0;32mI (90) boot:  3 storage          Unknown data     01 82 00120000 00210000[0m
[0;32mI (97) boot: End of partition table[0m
[0;32mI (101) esp_image: segment 0: paddr=00010020 vaddr=3f400020 size=3c8b0h (247984) map[0m
[0;32mI (195) esp_image: segment 1: paddr=0004c8d8 vaddr=3ffb0000 size=03740h ( 14144) load[0m
[0;32mI (200) esp_image: segment 2: paddr=00050020 vaddr=400d0020 size=aade4h (699876) map[0m
[0;32mI (440) esp_image: segment 3: paddr=000fae0c vaddr=3ffb3740 size=00684h (  1668) load[0m
[0;32mI (441) esp_image: segment 4: paddr=000fb498 vaddr=40080000 size=182f0h ( 99056) load[0m
[0;32mI (497) boot: Loaded app from partition at offset 0x10000[0m
[0;32mI (497) boot: Disabling RNG early entropy source...[0m
[0;32mI (509) cpu_start: Multicore app[0m
[0;32mI (517) cpu_start: Pro cpu start user code[0m
[0;32mI (517) cpu_start: cpu freq: 240000000 Hz[0m
[0;32mI (517) cpu_start: Application information:[0m
[0;32mI (520) cpu_start: Project name:     st7789[0m
[0;32mI (525) cpu_start: App version:      1[0m
[0;32mI (530) cpu_start: Compile time:     Jul  1 2024 01:47:40[0m
[0;32mI (536) cpu_start: ELF file SHA256:  dad2588db...[0m
[0;32mI (541) cpu_start: ESP-IDF:          v5.2[0m
[0;32mI (546) cpu_start: Min chip rev:     v0.0[0m
[0;32mI (551) cpu_start: Max chip rev:     v3.99 [0m
[0;32mI (555) cpu_start: Chip rev:         v3.0[0m
[0;32mI (560) heap_init: Initializing. RAM available for dynamic allocation:[0m
[0;32mI (567) heap_init: At 3FFAE6E0 len 00001920 (6 KiB): DRAM[0m
[0;32mI (573) heap_init: At 3FFB9A30 len 000265D0 (153 KiB): DRAM[0m
[0;32mI (580) heap_init: At 3FFE0440 len 00003AE0 (14 KiB): D/IRAM[0m
[0;32mI (586) heap_init: At 3FFE4350 len 0001BCB0 (111 KiB): D/IRAM[0m
[0;32mI (592) heap_init: At 400982F0 len 00007D10 (31 KiB): IRAM[0m
[0;32mI (600) spi_flash: detected chip: generic[0m
[0;32mI (603) spi_flash: flash io: dio[0m
[0;33mW (607) i2c: This driver is an old driver, please migrate your application code to adapt `driver/i2c_master.h`[0m
[0;32mI (618) main_task: Started on CPU0[0m
[0;32mI (628) main_task: Calling app_main()[0m
[0;32mI (798) DEVICE: Partition size: total: 1980641, used: 74045[0m
[0;32mI (1218) WIFI: Name: Milk[0m
[0;32mI (1218) WIFI: Price: 15000
[0m
[0;32mI (1218) WIFI: Name: Bread[0m
[0;32mI (1218) WIFI: Price: 10000
[0m
[0;32mI (1228) WIFI: Name: Eggs[0m
[0;32mI (1228) WIFI: Price: 5000
[0m
[0;32mI (1228) WIFI: Name: Cheese[0m
[0;32mI (1238) WIFI: Price: 3000
[0m
[0;32mI (1238) WIFI: Name: Crab:1000000[0m
Guru Meditation Error: Core  0 panic'ed (LoadProhibited). Exception was unhandled.

Core  0 register dump:
PC      : 0x400014fd  PS      : 0x00060830  A0      : 0x801691b1  A1      : 0x3ffbb7e0  
A2      : 0x00000000  A3      : 0xfffffffc  A4      : 0x000000ff  A5      : 0x0000ff00  
A6      : 0x00ff0000  A7      : 0xff000000  A8      : 0x00000000  A9      : 0x3ffbb7a0  
A10     : 0x00000000  A11     : 0x00000001  A12     : 0x3ffbba24  A13     : 0x00000000  
A14     : 0x3f403c2c  A15     : 0x3ffbb9f4  SAR     : 0x00000004  EXCCAUSE: 0x0000001c  
EXCVADDR: 0x00000000  LBEG    : 0x400014fd  LEND    : 0x4000150d  LCOUNT  : 0xffffffff  


Backtrace: 0x400014fa:0x3ffbb7e0 0x401691ae:0x3ffbb7f0 0x401635e1:0x3ffbbb10 0x40179771:0x3ffbbb40 0x40090ea1:0x3ffbbb70 0x400da682:0x3ffbbbc0 0x400daadc:0x3ffbbce0 0x400d786d:0x3ffbbd10 0x40178e7c:0x3ffbbd40 0x4008a77d:0x3ffbbd60




ELF file SHA256: dad2588db

Rebooting...
ets Jul 29 2019 12:21:46

rst:0xc (SW_CPU_RESET),boot:0x13 (SPI_FAST_FLASH_BOOT)
configsip: 0, SPIWP:0xee
clk_drv:0x00,q_drv:0x00,d_drv:0x00,cs0_drv:0x00,hd_drv:0x00,wp_drv:0x00
mode:DIO, clock div:2
load:0x3fff0030,len:7172
load:0x40078000,len:15532
load:0x40080400,len:4
load:0x40080404,len:3904
entry 0x40080640
[0;32mI (29) boot: ESP-IDF v5.2 2nd stage bootloader[0m
[0;32mI (29) boot: compile time Jul  1 2024 01:48:00[0m
[0;32mI (29) boot: Multicore bootloader[0m
[0;32mI (33) boot: chip revision: v3.0[0m
[0;32mI (37) boot.esp32: SPI Speed      : 40MHz[0m
[0;32mI (42) boot.esp32: SPI Mode       : DIO[0m
[0;32mI (46) boot.esp32: SPI Flash Size : 4MB[0m
[0;32mI (51) boot: Enabling RNG early entropy source...[0m
[0;32mI (56) boot: Partition Table:[0m
[0;32mI (60) boot: ## Label            Usage          Type ST Offset   Length[0m
[0;32mI (67) boot:  0 nvs              WiFi data        01 02 00009000 00006000[0m
[0;32mI (75) boot:  1 phy_init         RF data          01 01 0000f000 00001000[0m
[0;32mI (82) boot:  2 factory          factory app      00 00 00010000 00110000[0m
[0;32mI (90) boot:  3 storage          Unknown data     01 82 00120000 00210000[0m
[0;32mI (97) boot: End of partition table[0m
[0;32mI (101) esp_image: segment 0: paddr=00010020 vaddr=3f400020 size=3c8b0h (247984) map[0m
[0;32mI (195) esp_image: segment 1: paddr=0004c8d8 vaddr=3ffb0000 size=03740h ( 14144) load[0m
[0;32mI (200) esp_image: segment 2: paddr=00050020 vaddr=400d0020 size=aade4h (699876) map[0m
[0;32mI (440) esp_image: segment 3: paddr=000fae0c vaddr=3ffb3740 size=00684h (  1668) load[0m
[0;32mI (441) esp_image: segment 4: paddr=000fb498 vaddr=40080000 size=182f0h ( 99056) load[0m
[0;32mI (497) boot: Loaded app from partition at offset 0x10000[0m
[0;32mI (497) boot: Disabling RNG early entropy source...[0m
[0;32mI (509) cpu_start: Multicore app[0m
[0;32mI (517) cpu_start: Pro cpu start user code[0m
[0;32mI (517) cpu_start: cpu freq: 240000000 Hz[0m
[0;32mI (517) cpu_start: Application information:[0m
[0;32mI (520) cpu_start: Project name:     st7789[0m
[0;32mI (525) cpu_start: App version:      1[0m
[0;32mI (530) cpu_start: Compile time:     Jul  1 2024 01:47:40[0m
[0;32mI (536) cpu_start: ELF file SHA256:  dad2588db...[0m
[0;32mI (541) cpu_start: ESP-IDF:          v5.2[0m
[0;32mI (546) cpu_start: Min chip rev:     v0.0[0m
[0;32mI (551) cpu_start: Max chip rev:     v3.99 [0m
[0;32mI (555) cpu_start: Chip rev:         v3.0[0m
[0;32mI (560) heap_init: Initializing. RAM available for dynamic allocation:[0m
[0;32mI (567) heap_init: At 3FFAE6E0 len 00001920 (6 KiB): DRAM[0m
[0;32mI (573) heap_init: At 3FFB9A30 len 000265D0 (153 KiB): DRAM[0m
[0;32mI (580) heap_init: At 3FFE0440 len 00003AE0 (14 KiB): D/IRAM[0m
[0;32mI (586) heap_init: At 3FFE4350 len 0001BCB0 (111 KiB): D/IRAM[0m
[0;32mI (592) heap_init: At 400982F0 len 00007D10 (31 KiB): IRAM[0m
[0;32mI (600) spi_flash: detected chip: generic[0m
[0;32mI (603) spi_flash: flash io: dio[0m
[0;33mW (607) i2c: This driver is an old driver, please migrate your application code to adapt `driver/i2c_master.h`[0m
[0;32mI (618) main_task: Started on CPU0[0m
[0;32mI (628) main_task: Calling app_main()[0m
[0;32mI (798) DEVICE: Partition size: total: 1980641, used: 74045[0m
[0;32mI (1218) WIFI: Name: Milk[0m
[0;32mI (1218) WIFI: Price: 15000
[0m
[0;32mI (1218) WIFI: Name: Bread[0m
[0;32mI (1218) WIFI: Price: 10000
[0m
[0;32mI (1228) WIFI: Name: Eggs[0m
[0;32mI (1228) WIFI: Price: 5000
[0m
[0;32mI (1228) WIFI: Name: Cheese[0m
[0;32mI (1238) WIFI: Price: 3000
[0m
[0;32mI (1238) WIFI: Name: Crab:1000000[0m
Guru Meditation Error: Core  0 panic'ed (LoadProhibited). Exception was unhandled.

Core  0 register dump:
PC      : 0x400014fd  PS      : 0x00060830  A0      : 0x801691b1  A1      : 0x3ffbb7e0  
A2      : 0x00000000  A3      : 0xfffffffc  A4      : 0x000000ff  A5      : 0x0000ff00  
A6      : 0x00ff0000  A7      : 0xff000000  A8      : 0x00000000  A9      : 0x3ffbb7a0  
A10     : 0x00000000  A11     : 0x00000001  A12     : 0x3ffbba24  A13     : 0x00000000  
A14     : 0x3f403c2c  A15     : 0x3ffbb9f4  SAR     : 0x00000004  EXCCAUSE: 0x0000001c  
EXCVADDR: 0x00000000  LBEG    : 0x400014fd  LEND    : 0x4000150d  LCOUNT  : 0xffffffff  


Backtrace: 0x400014fa:0x3ffbb7e0 0x401691ae:0x3ffbb7f0 0x401635e1:0x3ffbbb10 0x40179771:0x3ffbbb40 0x40090ea1:0x3ffbbb70 0x400da682:0x3ffbbbc0 0x400daadc:0x3ffbbce0 0x400d786d:0x3ffbbd10 0x40178e7c:0x3ffbbd40 0x4008a77d:0x3ffbbd60




ELF file SHA256: dad2588db

Rebooting...
ets Jul 29 2019 12:21:46

rst:0xc (SW_CPU_RESET),boot:0x13 (SPI_FAST_FLASH_BOOT)
configsip: 0, SPIWP:0xee
clk_drv:0x00,q_drv:0x00,d_drv:0x00,cs0_drv:0x00,hd_drv:0x00,wp_drv:0x00
mode:DIO, clock div:2
load:0x3fff0030,len:7172
load:0x40078000,len:15532
load:0x40080400,len:4
load:0x40080404,len:3904
entry 0x40080640
[0;32mI (29) boot: ESP-IDF v5.2 2nd stage bootloader[0m
[0;32mI (29) boot: compile time Jul  1 2024 01:48:00[0m
[0;32mI (29) boot: Multicore bootloader[0m
[0;32mI (33) boot: chip revision: v3.0[0m
[0;32mI (37) boot.esp32: SPI Speed      : 40MHz[0m
[0;32mI (42) boot.esp32: SPI Mode       : DIO[0m
[0;32mI (46) boot.esp32: SPI Flash Size : 4MB[0m
[0;32mI (51) boot: Enabling RNG early entropy source...[0m
[0;32mI (56) boot: Partition Table:[0m
[0;32mI (60) boot: ## Label            Usage          Type ST Offset   Length[0m
[0;32mI (67) boot:  0 nvs              WiFi data        01 02 00009000 00006000[0m
[0;32mI (75) boot:  1 phy_init         RF data          01 01 0000f000 00001000[0m
[0;32mI (82) boot:  2 factory          factory app      00 00 00010000 00110000[0m
[0;32mI (90) boot:  3 storage          Unknown data     01 82 00120000 00210000[0m
[0;32mI (97) boot: End of partition table[0m
[0;32mI (101) esp_image: segment 0: paddr=00010020 vaddr=3f400020 size=3c8b0h (247984) map[0m
[0;32mI (195) esp_image: segment 1: paddr=0004c8d8 vaddr=3ffb0000 size=03740h ( 14144) load[0m
[0;32mI (200) esp_image: segment 2: paddr=00050020 vaddr=400d0020 size=aade4h (699876) map[0m
[0;32mI (440) esp_image: segment 3: paddr=000fae0c vaddr=3ffb3740 size=00684h (  1668) load[0m
[0;32mI (441) esp_image: segment 4: paddr=000fb498 vaddr=40080000 size=182f0h ( 99056) load[0m
[0;32mI (497) boot: Loaded app from partition at offset 0x10000[0m
[0;32mI (497) boot: Disabling RNG early entropy source...[0m
[0;32mI (509) cpu_start: Multicore app[0m
[0;32mI (517) cpu_start: Pro cpu start user code[0m
[0;32mI (517) cpu_start: cpu freq: 240000000 Hz[0m
[0;32mI (517) cpu_start: Application information:[0m
[0;32mI (520) cpu_start: Project name:     st7789[0m
[0;32mI (525) cpu_start: App version:      1[0m
[0;32mI (530) cpu_start: Compile time:     Jul  1 2024 01:47:40[0m
[0;32mI (536) cpu_start: ELF file SHA256:  dad2588db...[0m
[0;32mI (541) cpu_start: ESP-IDF:          v5.2[0m
[0;32mI (546) cpu_start: Min chip rev:     v0.0[0m
[0;32mI (551) cpu_start: Max chip rev:     v3.99 [0m
[0;32mI (555) cpu_start: Chip rev:         v3.0[0m
[0;32mI (560) heap_init: Initializing. RAM available for dynamic allocation:[0m
[0;32mI (567) heap_init: At 3FFAE6E0 len 00001920 (6 KiB): DRAM[0m
[0;32mI (573) heap_init: At 3FFB9A30 len 000265D0 (153 KiB): DRAM[0m
[0;32mI (580) heap_init: At 3FFE0440 len 00003AE0 (14 KiB): D/IRAM[0m
[0;32mI (586) heap_init: At 3FFE4350 len 0001BCB0 (111 KiB): D/IRAM[0m
[0;32mI (592) heap_init: At 400982F0 len 00007D10 (31 KiB): IRAM[0m
[0;32mI (600) spi_flash: detected chip: generic[0m
[0;32mI (603) spi_flash: flash io: dio[0m
[0;33mW (607) i2c: This driver is an old driver, please migrate your application code to adapt `driver/i2c_master.h`[0m
[0;32mI (618) main_task: Started on CPU0[0m
[0;32mI (628) main_task: Calling app_main()[0m
[0;32mI (798) DEVICE: Partition size: total: 1980641, used: 74045[0m
[0;32mI (1218) WIFI: Name: Milk[0m
[0;32mI (1218) WIFI: Price: 15000
[0m
[0;32mI (1218) WIFI: Name: Bread[0m
[0;32mI (1218) WIFI: Price: 10000
[0m
[0;32mI (1228) WIFI: Name: Eggs[0m
[0;32mI (1228) WIFI: Price: 5000
[0m
[0;32mI (1228) WIFI: Name: Cheese[0m
[0;32mI (1238) WIFI: Price: 3000
[0m
[0;32mI (1238) WIFI: Name: Crab:1000000[0m
Guru Meditation Error: Core  0 panic'ed (LoadProhibited). Exception was unhandled.

Core  0 register dump:
PC      : 0x400014fd  PS      : 0x00060830  A0      : 0x801691b1  A1      : 0x3ffbb7e0  
A2      : 0x00000000  A3      : 0xfffffffc  A4      : 0x000000ff  A5      : 0x0000ff00  
A6      : 0x00ff0000  A7      : 0xff000000  A8      : 0x00000000  A9      : 0x3ffbb7a0  
A10     : 0x00000000  A11     : 0x00000001  A12     : 0x3ffbba24  A13     : 0x00000000  
A14     : 0x3f403c2c  A15     : 0x3ffbb9f4  SAR     : 0x00000004  EXCCAUSE: 0x0000001c  
EXCVADDR: 0x00000000  LBEG    : 0x400014fd  LEND    : 0x4000150d  LCOUNT  : 0xffffffff  


Backtrace: 0x400014fa:0x3ffbb7e0 0x401691ae:0x3ffbb7f0 0x401635e1:0x3ffbbb10 0x40179771:0x3ffbbb40 0x40090ea1:0x3ffbbb70 0x400da682:0x3ffbbbc0 0x400daadc:0x3ffbbce0 0x400d786d:0x3ffbbd10 0x40178e7c:0x3ffbbd40 0x4008a77d:0x3ffbbd60
ELF file SHA256: dad2588db

Rebooting...
ets Jul 29 2019 12:21:46

rst:0xc (SW_CPU_RESET),boot:0x13 (SPI_FAST_FLASH_BOOT)
configsip: 0, SPIWP:0xee
clk_drv:0x00,q_drv:0x00,d_drv:0x00,cs0_drv:0x00,hd_drv:0x00,wp_drv:0x00
mode:DIO, clock div:2
load:0x3fff0030,len:7172
load:0x40078000,len:15532
load:0x40080400,len:4
load:0x40080404,len:3904
entry 0x40080640
[0;32mI (29) boot: ESP-IDF v5.2 2nd stage bootloader[0m
[0;32mI (29) boot: compile time Jul  1 2024 01:48:00[0m
[0;32mI (29) boot: Multicore bootloader[0m
[0;32mI (33) boot: chip revision: v3.0[0m
[0;32mI (37) boot.esp32: SPI Speed      : 40MHz[0m
[0;32mI (42) boot.esp32: SPI Mode       : DIO[0m
[0;32mI (46) boot.esp32: SPI Flash Size : 4MB[0m
[0;32mI (51) boot: Enabling RNG early entropy source...[0m
[0;32mI (56) boot: Partition Table:[0m
[0;32mI (60) boot: ## Label            Usage          Type ST Offset   Length[0m
[0;32mI (67) boot:  0 nvs              WiFi data        01 02 00009000 00006000[0m
[0;32mI (75) boot:  1 phy_init         RF data          01 01 0000f000 00001000[0m
[0;32mI (82) boot:  2 factory          factory app      00 00 00010000 00110000[0m
[0;32mI (90) boot:  3 storage          Unknown data     01 82 00120000 00210000[0m
[0;32mI (97) boot: End of partition table[0m
[0;32mI (101) esp_image: segment 0: paddr=00010020 vaddr=3f400020 size=3c8b0h (247984) map[0m
[0;32mI (195) esp_image: segment 1: paddr=0004c8d8 vaddr=3ffb0000 size=03740h ( 14144) load[0m
[0;32mI (200) esp_image: segment 2: paddr=00050020 vaddr=400d0020 size=aade4h (699876) map[0m
[0;32mI (440) esp_image: segment 3: paddr=000fae0c vaddr=3ffb3740 size=00684h (  1668) load[0m
[0;32mI (441) esp_image: segment 4: paddr=000fb498 vaddr=40080000 size=182f0h ( 99056) load[0m
[0;32mI (497) boot: Loaded app from partition at offset 0x10000[0m
[0;32mI (497) boot: Disabling RNG early entropy source...[0m
[0;32mI (509) cpu_start: Multicore app[0m
[0;32mI (517) cpu_start: Pro cpu start user code[0m
[0;32mI (517) cpu_start: cpu freq: 240000000 Hz[0m
[0;32mI (517) cpu_start: Application information:[0m
[0;32mI (520) cpu_start: Project name:     st7789[0m
[0;32mI (525) cpu_start: App version:      1[0m
[0;32mI (530) cpu_start: Compile time:     Jul  1 2024 01:47:40[0m
[0;32mI (536) cpu_start: ELF file SHA256:  dad2588db...[0m
[0;32mI (541) cpu_start: ESP-IDF:          v5.2[0m
[0;32mI (546) cpu_start: Min chip rev:     v0.0[0m
[0;32mI (551) cpu_start: Max chip rev:     v3.99 [0m
[0;32mI (555) cpu_start: Chip rev:         v3.0[0m
[0;32mI (560) heap_init: Initializing. RAM available for dynamic allocation:[0m
[0;32mI (567) heap_init: At 3FFAE6E0 len 00001920 (6 KiB): DRAM[0m
[0;32mI (573) heap_init: At 3FFB9A30 len 000265D0 (153 KiB): DRAM[0m
[0;32mI (580) heap_init: At 3FFE0440 len 00003AE0 (14 KiB): D/IRAM[0m
[0;32mI (586) heap_init: At 3FFE4350 len 0001BCB0 (111 KiB): D/IRAM[0m
[0;32mI (592) heap_init: At 400982F0 len 00007D10 (31 KiB): IRAM[0m
[0;32mI (600) spi_flash: detected chip: generic[0m
[0;32mI (603) spi_flash: flash io: dio[0m
[0;33mW (607) i2c: This driver is an old driver, please migrate your application code to adapt `driver/i2c_master.h`[0m
[0;32mI (618) main_task: Started on CPU0[0m
[0;32mI (628) main_task: Calling app_main()[0m
[0;32mI (798) DEVICE: Partition size: total: 1980641, used: 74045[0m
