ets Jul 29 2019 12:21:46

rst:ï¿½ets Jul 29 2019 12:21:46

rst:0x1 (POWERON_RESET),boot:0x13 (SPI_FAST_FLASH_BOOT)
configsip: 0, SPIWP:0xee
clk_drv:0x00,q_drv:0x00,d_drv:0x00,cs0_drv:0x00,hd_drv:0x00,wp_drv:0x00
mode:DIO, clock div:2
load:0x3fff0030,len:7172
load:0x40078000,len:15532
load:0x40080400,len:4
load:0x40080404,len:3904
entry 0x40080640
[0;32mI (29) boot: ESP-IDF v5.2 2nd stage bootloader[0m
[0;32mI (29) boot: compile time Jul  1 2024 01:48:00[0m
[0;32mI (29) boot: Multicore bootloader[0m
[0;32mI (33) boot: chip revision: v3.0[0m
[0;32mI (37) boot.esp32: SPI Speed      : 40MHz[0m
[0;32mI (42) boot.esp32: SPI Mode       : DIO[0m
[0;32mI (46) boot.esp32: SPI Flash Size : 4MB[0m
[0;32mI (51) boot: Enabling RNG early entropy source...[0m
[0;32mI (56) boot: Partition Table:[0m
[0;32mI (60) boot: ## Label            Usage          Type ST Offset   Length[0m
[0;32mI (67) boot:  0 nvs              WiFi data        01 02 00009000 00006000[0m
[0;32mI (75) boot:  1 phy_init         RF data          01 01 0000f000 00001000[0m
[0;32mI (82) boot:  2 factory          factory app      00 00 00010000 00110000[0m
[0;32mI (90) boot:  3 storage          Unknown data     01 82 00120000 00210000[0m
[0;32mI (97) boot: End of partition table[0m
[0;32mI (101) esp_image: segment 0: paddr=00010020 vaddr=3f400020 size=3ca30h (248368) map[0m
[0;32mI (195) esp_image: segment 1: paddr=0004ca58 vaddr=3ffb0000 size=035c0h ( 13760) load[0m
[0;32mI (200) esp_image: segment 2: paddr=00050020 vaddr=400d0020 size=ab058h (700504) map[0m
[0;32mI (441) esp_image: segment 3: paddr=000fb080 vaddr=3ffb35c0 size=00804h (  2052) load[0m
[0;32mI (442) esp_image: segment 4: paddr=000fb88c vaddr=40080000 size=182f0h ( 99056) load[0m
[0;32mI (497) boot: Loaded app from partition at offset 0x10000[0m
[0;32mI (497) boot: Disabling RNG early entropy source...[0m
[0;32mI (509) cpu_start: Multicore app[0m
[0;32mI (518) cpu_start: Pro cpu start user code[0m
[0;32mI (518) cpu_start: cpu freq: 240000000 Hz[0m
[0;32mI (518) cpu_start: Application information:[0m
[0;32mI (521) cpu_start: Project name:     st7789[0m
[0;32mI (526) cpu_start: App version:      1[0m
[0;32mI (530) cpu_start: Compile time:     Jul  1 2024 01:47:40[0m
[0;32mI (536) cpu_start: ELF file SHA256:  a1334ac93...[0m
[0;32mI (542) cpu_start: ESP-IDF:          v5.2[0m
[0;32mI (546) cpu_start: Min chip rev:     v0.0[0m
[0;32mI (551) cpu_start: Max chip rev:     v3.99 [0m
[0;32mI (556) cpu_start: Chip rev:         v3.0[0m
[0;32mI (561) heap_init: Initializing. RAM available for dynamic allocation:[0m
[0;32mI (568) heap_init: At 3FFAE6E0 len 00001920 (6 KiB): DRAM[0m
[0;32mI (574) heap_init: At 3FFB9A38 len 000265C8 (153 KiB): DRAM[0m
[0;32mI (580) heap_init: At 3FFE0440 len 00003AE0 (14 KiB): D/IRAM[0m
[0;32mI (586) heap_init: At 3FFE4350 len 0001BCB0 (111 KiB): D/IRAM[0m
[0;32mI (593) heap_init: At 400982F0 len 00007D10 (31 KiB): IRAM[0m
[0;32mI (600) spi_flash: detected chip: generic[0m
[0;32mI (604) spi_flash: flash io: dio[0m
[0;33mW (608) i2c: This driver is an old driver, please migrate your application code to adapt `driver/i2c_master.h`[0m
[0;32mI (619) main_task: Started on CPU0[0m
[0;32mI (629) main_task: Calling app_main()[0m
[0;32mI (799) DEVICE: Partition size: total: 1980641, used: 74045[0m
[0;32mI (1219) WIFI: Name: Milk[0m
[0;32mI (1219) WIFI: Price: 15000
[0m
[0;32mI (1219) WIFI: Name: Bread[0m
[0;32mI (1219) WIFI: Price: 10000
[0m
[0;32mI (1229) WIFI: Name: Eggs[0m
[0;32mI (1229) WIFI: Price: 5000
[0m
[0;32mI (1229) WIFI: Name: Cheese[0m
[0;32mI (1239) WIFI: Price: 3000
[0m
[0;32mI (1239) WIFI: Name: Crab[0m
[0;32mI (1239) WIFI: Price: 1000000[0m
I (1259) wifi:wifi driver task: 3ffc2968, prio:23, stack:6656, core=0
I (1279) wifi:wifi firmware version: cc1dd81
I (1279) wifi:wifi certification version: v7.0
I (1279) wifi:config NVS flash: enabled
I (1279) wifi:config nano formating: disabled
I (1279) wifi:Init data frame dynamic rx buffer num: 32
I (1289) wifi:Init static rx mgmt buffer num: 5
I (1289) wifi:Init management short buffer num: 32
I (1299) wifi:Init dynamic tx buffer num: 32
I (1299) wifi:Init static rx buffer size: 1600
I (1299) wifi:Init static rx buffer num: 10
I (1309) wifi:Init dynamic rx buffer num: 32
[0;32mI (1309) wifi_init: rx ba win: 6[0m
[0;32mI (1319) wifi_init: tcpip mbox: 32[0m
[0;32mI (1319) wifi_init: udp mbox: 6[0m
[0;32mI (1319) wifi_init: tcp mbox: 6[0m
[0;32mI (1329) wifi_init: tcp tx win: 5760[0m
[0;32mI (1329) wifi_init: tcp rx win: 5760[0m
[0;32mI (1339) wifi_init: tcp mss: 1440[0m
[0;32mI (1339) wifi_init: WiFi IRAM OP enabled[0m
[0;32mI (1339) wifi_init: WiFi RX IRAM OP enabled[0m
[0;32mI (1359) phy_init: phy_version 4791,2c4672b,Dec 20 2023,16:06:06[0m
I (1419) wifi:mode : sta (24:d7:eb:18:3f:7c) + softAP (24:d7:eb:18:3f:7d)
I (1419) wifi:enable tsf
I (1429) wifi:Total power save buffer number: 16
I (1429) wifi:Init max length of beacon: 752/752
I (1429) wifi:Init max length of beacon: 752/752
[0;32mI (1439) esp_netif_lwip: DHCP server started on interface WIFI_AP_DEF with IP: 192.168.4.1[0m
I (1449) wifi:ap channel adjust o:1,1 n:7,2
I (1449) wifi:new:<7,0>, old:<1,1>, ap:<7,2>, sta:<7,0>, prof:1
I (1449) wifi:state: init -> auth (b0)
I (1469) wifi:state: auth -> assoc (0)
I (1489) wifi:state: assoc -> run (10)
I (1599) wifi:connected with eunionoffice, aid = 2, channel 7, BW20, bssid = d4:9a:a0:be:2f:90
I (1599) wifi:security: WPA2-PSK, phy: bgn, rssi: -41
I (1609) wifi:pm start, type: 1

I (1609) wifi:dp: 1, bi: 102400, li: 3, scale listen interval from 307200 us to 307200 us
I (1689) wifi:AP's beacon interval = 102400 us, DTIM period = 1
[0;32mI (2619) esp_netif_handlers: sta ip: 192.168.1.5, mask: 255.255.255.0, gw: 192.168.1.1[0m
[0;32mI (2619) WIFI: got ip:192.168.1.5[0m
[0;32mI (2619) WIFI: connected to ap SSID:eunionoffice password:!!!taolao123[0m
[0;32mI (2629) WIFI: Connected to WiFi network[0m
[0;32mI (2629) WIFI: Hosting at 192.168.4.1 now![0m
[0;32mI (2639) WIFI: Client ID: AZyYXXjpRgyHyJSgEsTkpBzNp61F_dKGkNjjCMsUMdQsQPHWJNeG2aN61QZ-Dnhk4IgEWoLJJX6pJO7Y[0m
[0;32mI (2649) WIFI: Client Secret: EGb-tEe9T5SZqg8d3uFH_y_NW3eqh7W3K4MSC7bz7fmVuUkkRwl4mVC0G6g_IuO6nZStilDL2US2b9ez[0m
[0;32mI (2659) WIFI: Client credentials: AZyYXXjpRgyHyJSgEsTkpBzNp61F_dKGkNjjCMsUMdQsQPHWJNeG2aN61QZ-Dnhk4IgEWoLJJX6pJO7Y:EGb-tEe9T5SZqg8d3uFH_y_NW3eqh7W3K4MSC7bz7fmVuUkkRwl4mVC0G6g_IuO6nZStilDL2US2b9ez[0m
[0;32mI (2669) WIFI: Authorization header value: Basic QVp5WVhYanBSZ3lIeUpTZ0VzVGtwQnpOcDYxRl9kS0drTmpqQ01zVU1kUXNRUEhXSk5lRzJhTjYxUVotRG5oazRJZ0VXb0xKSlg2cEpPN1k6RUdiLXRFZTlUNVNacWc4ZDN1RkhfeV9OVzNlcWg3VzNLNE1TQzdiejdmbVZ1VWtrUndsNG1WQzBHNmdfSXVPNm5aU3RpbERMMlVTMmI5ZXo=[0m
I (2709) wifi:<ba-add>idx:0 (ifx:0, d4:9a:a0:be:2f:90), tid:0, ssn:166, winSize:64
I (2719) wifi:<ba-add>idx:1 (ifx:0, d4:9a:a0:be:2f:90), tid:4, ssn:27, winSize:64
[0;32mI (3059) esp-x509-crt-bundle: Certificate validated[0m
[0;32mI (4279) WIFI: Response: {"scope":"https://uri.paypal.com/services/payments/futurepayments https://uri.paypal.com/services/invoicing https://uri.paypal.com/services/disputes/read-buyer https://uri.paypal.com/services/payments/realtimepayment https://uri.paypal.com/services/disputes/update-seller https://uri.paypal.com/services/payments/payment/authcapture openid https://uri.paypal.com/services/disputes/read-seller https://uri.paypal.com/services/payments/refund https://api.paypal.com/v1/vault/credit-card https://api.paypal.com/v1/payments/.* https://uri.paypal.com/payments/payouts https://api.paypal.com/v1/vault/credit-card/.* https://uri.paypal.com/services/subscriptions https://uri.paypal.com/services/applications/webhooks","access_token":"A21AAIhcFR1gGxqOvC8rdTwcjz-GviiGkee_eQzTqgMbB6GoXKnxWwreNt8qCTPQHz1yY8l3jBXG4GaA__vufyPABH0lp7crA","token_type":"Bearer","app_id":"APP-80W284485P519543T","expires_in":30061,"nonce":"2024-06-30T20:00:04ZaPrhYNIhtgco5PBMAh27M-yWiU956Swq7uZnxxduRJ0"}[0m
[0;32mI (4359) WIFI: Response: {"scope":"https://uri.paypal.com/services/payments/futurepayments https://uri.paypal.com/services/invoicing https://uri.paypal.com/services/disputes/read-buyer https://uri.paypal.com/services/payments/realtimepayment https://uri.paypal.com/services/disputes/update-seller https://uri.paypal.com/services/payments/payment/authcapture openid https://uri.paypal.com/services/disputes/read-seller https://uri.paypal.com/services/payments/refund https://api.paypal.com/v1/vault/credit-card https://api.paypal.com/v1/payments/.* https://uri.paypal.com/payments/payouts https://api.paypal.com/v1/vault/credit-card/.* https://uri.paypal.com/services/subscriptions https://uri.paypal.com/services/applications/webhooks","access_token":"A21AAIhcFR1gGxqOvC8rdTwcjz-GviiGkee_eQzTqgMbB6GoXKnxWwreNt8qCTPQHz1yY8l3jBXG4GaA__vufyPABH0lp7crA","token_type":"Bearer","app_id":"APP-80W284485P519543T","expires_in":30061,"nonce":"2024-06-30T20:00:04ZaPrhYNIhtgco5PBMAh27M-yWiU956Swq7uZnxxduRJ0"}[0m
[0;32mI (4449) WIFI: Token: A21AAIhcFR1gGxqOvC8rdTwcjz-GviiGkee_eQzTqgMbB6GoXKnxWwreNt8qCTPQHz1yY8l3jBXG4GaA__vufyPABH0lp7crA[0m
[0;32mI (4649) esp-x509-crt-bundle: Certificate validated[0m
[0;32mI (5899) WIFI: Response: {"id":"INV2-BDUZ-LGLM-5JLX-QTV7","number":"0039","template_id":"TEMP-4031842112225572W","status":"DRAFT","merchant_info":{"business_name":"Vuu Vinh Tu"},"items":[{"name":"Widget","quantity":1.0,"unit_price":{"currency":"USD","value":"100.00"}}],"invoice_date":"2024-06-30 PDT","tax_calculated_after_discount":false,"tax_inclusive":false,"total_amount":{"currency":"USD","value":"100.00"},"metadata":{"created_date":"2024-06-30 13:39:05 PDT"},"allow_tip":false,"links":[{"rel":"self","href":"https://api.sandbox.paypal.com/v1/invoicing/invoices/INV2-BDUZ-LGLM-5JLX-QTV7","method":"GET"},{"rel":"send","href":"https://api.sandbox.paypal.com/v1/invoicing/invoices/INV2-BDUZ-LGLM-5JLX-QTV7/send","method":"POST"},{"rel":"replace","href":"https://api.sandbox.paypal.com/v1/invoicing/invoices/INV2-BDUZ-LGLM-5JLX-QTV7/update","method":"PUT"},{"rel":"delete","href":"https://api.sandbox.paypal.com/v1/invoicing/invoices/INV2-BDUZ-LGLM-5JLX-QTV7","method":"DELETE"},{"rel":"record-payment","href":"https://api.sandbox.paypal.com/v1/invoicing/invoices/INV2-BDUZ-LGLM-5JLX-QTV7/record-payment","method":"POST"}]}[0m
[0;32mI (5989) WIFI: Response: {"id":"INV2-BDUZ-LGLM-5JLX-QTV7","number":"0039","template_id":"TEMP-4031842112225572W","status":"DRAFT","merchant_info":{"business_name":"Vuu Vinh Tu"},"items":[{"name":"Widget","quantity":1.0,"unit_price":{"currency":"USD","value":"100.00"}}],"invoice_date":"2024-06-30 PDT","tax_calculated_after_discount":false,"tax_inclusive":false,"total_amount":{"currency":"USD","value":"100.00"},"metadata":{"created_date":"2024-06-30 13:39:05 PDT"},"allow_tip":false,"links":[{"rel":"self","href":"https://api.sandbox.paypal.com/v1/invoicing/invoices/INV2-BDUZ-LGLM-5JLX-QTV7","method":"GET"},{"rel":"send","href":"https://api.sandbox.paypal.com/v1/invoicing/invoices/INV2-BDUZ-LGLM-5JLX-QTV7/send","method":"POST"},{"rel":"replace","href":"https://api.sandbox.paypal.com/v1/invoicing/invoices/INV2-BDUZ-LGLM-5JLX-QTV7/update","method":"PUT"},{"rel":"delete","href":"https://api.sandbox.paypal.com/v1/invoicing/invoices/INV2-BDUZ-LGLM-5JLX-QTV7","method":"DELETE"},{"rel":"record-payment","href":"https://api.sandbox.paypal.com/v1/invoicing/invoices/INV2-BDUZ-LGLM-5JLX-QTV7/record-payment","method":"POST"}]}[0m
[0;32mI (6089) WIFI: Invoice ID: INV2-BDUZ-LGLM-5JLX-QTV7[0m
[0;32mI (6339) esp-x509-crt-bundle: Certificate validated[0m
[0;32mI (8249) WIFI: URL: https://api-m.sandbox.paypal.com/v1/invoicing/invoices/INV2-BDUZ-LGLM-5JLX-QTV7/qr-code[0m
[0;32mI (8249) WIFI: Post data: {"width": 200, "height": 200}[0m
[0;32mI (8479) esp-x509-crt-bundle: Certificate validated[0m
Guru Meditation Error: Core  0 panic'ed (LoadProhibited). Exception was unhandled.

Core  0 register dump:
PC      : 0x400014fd  PS      : 0x00060730  A0      : 0x80169425  A1      : 0x3ffbb680  
A2      : 0x00000000  A3      : 0xfffffffc  A4      : 0x000000ff  A5      : 0x0000ff00  
A6      : 0x00ff0000  A7      : 0xff000000  A8      : 0x00000000  A9      : 0x3ffbb640  
A10     : 0x00000000  A11     : 0x00000001  A12     : 0x3ffbb8c4  A13     : 0x00000000  
A14     : 0x3f403c2c  A15     : 0x3ffbb894  SAR     : 0x00000004  EXCCAUSE: 0x0000001c  
EXCVADDR: 0x00000000  LBEG    : 0x400014fd  LEND    : 0x4000150d  LCOUNT  : 0xffffffff  


Backtrace: 0x400014fa:0x3ffbb680 0x40169422:0x3ffbb690 0x40163855:0x3ffbb9b0 0x401799e5:0x3ffbb9e0 0x40090ea1:0x3ffbba10 0x400da2e0:0x3ffbba60 0x400d789c:0x3ffbbd10 0x401790f0:0x3ffbbd40 0x4008a77d:0x3ffbbd60




ELF file SHA256: a1334ac93

Rebooting...
ets Jul 29 2019 12:21:46

rst:0xc (SW_CPU_RESET),boot:0x13 (SPI_FAST_FLASH_BOOT)
configsip: 0, SPIWP:0xee
clk_drv:0x00,q_drv:0x00,d_drv:0x00,cs0_drv:0x00,hd_drv:0x00,wp_drv:0x00
mode:DIO, clock div:2
load:0x3fff0030,len:7172
load:0x40078000,len:15532
load:0x40080400,len:4
load:0x40080404,len:3904
entry 0x40080640
[0;32mI (29) boot: ESP-IDF v5.2 2nd stage bootloader[0m
[0;32mI (29) boot: compile time Jul  1 2024 01:48:00[0m
[0;32mI (29) boot: Multicore bootloader[0m
[0;32mI (33) boot: chip revision: v3.0[0m
[0;32mI (37) boot.esp32: SPI Speed      : 40MHz[0m
[0;32mI (42) boot.esp32: SPI Mode       : DIO[0m
[0;32mI (46) boot.esp32: SPI Flash Size : 4MB[0m
[0;32mI (51) boot: Enabling RNG early entropy source...[0m
[0;32mI (56) boot: Partition Table:[0m
[0;32mI (60) boot: ## Label            Usage          Type ST Offset   Length[0m
[0;32mI (67) boot:  0 nvs              WiFi data        01 02 00009000 00006000[0m
[0;32mI (75) boot:  1 phy_init         RF data          01 01 0000f000 00001000[0m
[0;32mI (82) boot:  2 factory          factory app      00 00 00010000 00110000[0m
[0;32mI (90) boot:  3 storage          Unknown data     01 82 00120000 00210000[0m
[0;32mI (97) boot: End of partition table[0m
[0;32mI (101) esp_image: segment 0: paddr=00010020 vaddr=3f400020 size=3ca30h (248368) map[0m
[0;32mI (195) esp_image: segment 1: paddr=0004ca58 vaddr=3ffb0000 size=035c0h ( 13760) load[0m
[0;32mI (200) esp_image: segment 2: paddr=00050020 vaddr=400d0020 size=ab058h (700504) map[0m
[0;32mI (441) esp_image: segment 3: paddr=000fb080 vaddr=3ffb35c0 size=00804h (  2052) load[0m
[0;32mI (442) esp_image: segment 4: paddr=000fb88c vaddr=40080000 size=182f0h ( 99056) load[0m
[0;32mI (497) boot: Loaded app from partition at offset 0x10000[0m
[0;32mI (497) boot: Disabling RNG early entropy source...[0m
[0;32mI (509) cpu_start: Multicore app[0m
[0;32mI (518) cpu_start: Pro cpu start user code[0m
[0;32mI (518) cpu_start: cpu freq: 240000000 Hz[0m
[0;32mI (518) cpu_start: Application information:[0m
[0;32mI (521) cpu_start: Project name:     st7789[0m
[0;32mI (526) cpu_start: App version:      1[0m
[0;32mI (530) cpu_start: Compile time:     Jul  1 2024 01:47:40[0m
[0;32mI (536) cpu_start: ELF file SHA256:  a1334ac93...[0m
[0;32mI (542) cpu_start: ESP-IDF:          v5.2[0m
[0;32mI (546) cpu_start: Min chip rev:     v0.0[0m
[0;32mI (551) cpu_start: Max chip rev:     v3.99 [0m
[0;32mI (556) cpu_start: Chip rev:         v3.0[0m
[0;32mI (561) heap_init: Initializing. RAM available for dynamic allocation:[0m
[0;32mI (568) heap_init: At 3FFAE6E0 len 00001920 (6 KiB): DRAM[0m
[0;32mI (574) heap_init: At 3FFB9A38 len 000265C8 (153 KiB): DRAM[0m
[0;32mI (580) heap_init: At 3FFE0440 len 00003AE0 (14 KiB): D/IRAM[0m
[0;32mI (586) heap_init: At 3FFE4350 len 0001BCB0 (111 KiB): D/IRAM[0m
[0;32mI (593) heap_init: At 400982F0 len 00007D10 (31 KiB): IRAM[0m
[0;32mI (600) spi_flash: detected chip: generic[0m
[0;32mI (604) spi_flash: flash io: dio[0m
[0;33mW (608) i2c: This driver is an old driver, please migrate your application code to adapt `driver/i2c_master.h`[0m
[0;32mI (619) main_task: Started on CPU0[0m
[0;32mI (629) main_task: Calling app_main()[0m
[0;32mI (799) DEVICE: Partition size: total: 1980641, used: 74045[0m
[0;32mI (799) DEVICE: Partition size: total: 1980641, used: 74045[0m
