ets Jul 29 2019 12:21:46

rst:0ï¿½ets Jul 29 2019 12:21:46

rst:0x1 (POWERON_RESET),boot:0x13 (SPI_FAST_FLASH_BOOT)
configsip: 0, SPIWP:0xee
clk_drv:0x00,q_drv:0x00,d_drv:0x00,cs0_drv:0x00,hd_drv:0x00,wp_drv:0x00
mode:DIO, clock div:2
load:0x3fff0030,len:7172
load:0x40078000,len:15532
load:0x40080400,len:4
load:0x40080404,len:3904
entry 0x40080640
[0;32mI (29) boot: ESP-IDF v5.2 2nd stage bootloader[0m
[0;32mI (29) boot: compile time Jul  1 2024 01:48:00[0m
[0;32mI (29) boot: Multicore bootloader[0m
[0;32mI (33) boot: chip revision: v3.0[0m
[0;32mI (37) boot.esp32: SPI Speed      : 40MHz[0m
[0;32mI (42) boot.esp32: SPI Mode       : DIO[0m
[0;32mI (46) boot.esp32: SPI Flash Size : 4MB[0m
[0;32mI (51) boot: Enabling RNG early entropy source...[0m
[0;32mI (56) boot: Partition Table:[0m
[0;32mI (60) boot: ## Label            Usage          Type ST Offset   Length[0m
[0;32mI (67) boot:  0 nvs              WiFi data        01 02 00009000 00006000[0m
[0;32mI (75) boot:  1 phy_init         RF data          01 01 0000f000 00001000[0m
[0;32mI (82) boot:  2 factory          factory app      00 00 00010000 00110000[0m
[0;32mI (90) boot:  3 storage          Unknown data     01 82 00120000 00210000[0m
[0;32mI (97) boot: End of partition table[0m
[0;32mI (101) esp_image: segment 0: paddr=00010020 vaddr=3f400020 size=3da18h (252440) map[0m
[0;32mI (196) esp_image: segment 1: paddr=0004da40 vaddr=3ffb0000 size=025d8h (  9688) load[0m
[0;32mI (200) esp_image: segment 2: paddr=00050020 vaddr=400d0020 size=ad3fch (709628) map[0m
[0;32mI (445) esp_image: segment 3: paddr=000fd424 vaddr=3ffb25d8 size=0182ch (  6188) load[0m
[0;32mI (448) esp_image: segment 4: paddr=000fec58 vaddr=40080000 size=19870h (104560) load[0m
[0;32mI (505) boot: Loaded app from partition at offset 0x10000[0m
[0;32mI (505) boot: Disabling RNG early entropy source...[0m
[0;32mI (516) cpu_start: Multicore app[0m
[0;32mI (525) cpu_start: Pro cpu start user code[0m
[0;32mI (525) cpu_start: cpu freq: 240000000 Hz[0m
[0;32mI (525) cpu_start: Application information:[0m
[0;32mI (528) cpu_start: Project name:     st7789[0m
[0;32mI (533) cpu_start: App version:      1[0m
[0;32mI (537) cpu_start: Compile time:     Jul  1 2024 01:47:40[0m
[0;32mI (544) cpu_start: ELF file SHA256:  cb4164999...[0m
[0;32mI (549) cpu_start: ESP-IDF:          v5.2[0m
[0;32mI (554) cpu_start: Min chip rev:     v0.0[0m
[0;32mI (558) cpu_start: Max chip rev:     v3.99 [0m
[0;32mI (563) cpu_start: Chip rev:         v3.0[0m
[0;32mI (568) heap_init: Initializing. RAM available for dynamic allocation:[0m
[0;32mI (575) heap_init: At 3FFAE6E0 len 00001920 (6 KiB): DRAM[0m
[0;32mI (581) heap_init: At 3FFB9AB8 len 00026548 (153 KiB): DRAM[0m
[0;32mI (587) heap_init: At 3FFE0440 len 00003AE0 (14 KiB): D/IRAM[0m
[0;32mI (594) heap_init: At 3FFE4350 len 0001BCB0 (111 KiB): D/IRAM[0m
[0;32mI (600) heap_init: At 40099870 len 00006790 (25 KiB): IRAM[0m
[0;32mI (608) spi_flash: detected chip: generic[0m
[0;32mI (611) spi_flash: flash io: dio[0m
[0;33mW (615) i2c: This driver is an old driver, please migrate your application code to adapt `driver/i2c_master.h`[0m
[0;32mI (626) main_task: Started on CPU0[0m
[0;32mI (636) main_task: Calling app_main()[0m
[0;32mI (776) gpio: GPIO[25]| InputEn: 1| OutputEn: 0| OpenDrain: 0| Pullup: 1| Pulldown: 0| Intr:2 [0m
[0;32mI (776) gpio: GPIO[26]| InputEn: 1| OutputEn: 0| OpenDrain: 0| Pullup: 1| Pulldown: 0| Intr:2 [0m
[0;32mI (776) gpio: GPIO[27]| InputEn: 1| OutputEn: 0| OpenDrain: 0| Pullup: 1| Pulldown: 0| Intr:2 [0m
[0;32mI (966) DEVICE: Partition size: total: 1980641, used: 74296[0m
[0;32mI (1386) WIFI: Name: Milk[0m
[0;32mI (1386) WIFI: Price: 1
[0m
[0;32mI (1386) WIFI: Name: Bread[0m
[0;32mI (1386) WIFI: Price: 2
[0m
[0;32mI (1386) WIFI: Name: Eggs[0m
[0;32mI (1396) WIFI: Price: 3
[0m
[0;32mI (1396) WIFI: Name: Cheese[0m
[0;32mI (1396) WIFI: Price: 4
[0m
[0;32mI (1406) WIFI: Name: Crab[0m
[0;32mI (1406) WIFI: Price: 1000[0m
I (1426) wifi:wifi driver task: 3ffc2df0, prio:23, stack:6656, core=0
I (1446) wifi:wifi firmware version: cc1dd81
I (1446) wifi:wifi certification version: v7.0
I (1446) wifi:config NVS flash: enabled
I (1446) wifi:config nano formating: disabled
I (1446) wifi:Init data frame dynamic rx buffer num: 32
I (1456) wifi:Init static rx mgmt buffer num: 5
I (1456) wifi:Init management short buffer num: 32
I (1466) wifi:Init dynamic tx buffer num: 32
I (1466) wifi:Init static rx buffer size: 1600
I (1466) wifi:Init static rx buffer num: 10
I (1476) wifi:Init dynamic rx buffer num: 32
[0;32mI (1476) wifi_init: rx ba win: 6[0m
[0;32mI (1486) wifi_init: tcpip mbox: 32[0m
[0;32mI (1486) wifi_init: udp mbox: 6[0m
[0;32mI (1486) wifi_init: tcp mbox: 6[0m
[0;32mI (1496) wifi_init: tcp tx win: 5760[0m
[0;32mI (1496) wifi_init: tcp rx win: 5760[0m
[0;32mI (1506) wifi_init: tcp mss: 1440[0m
[0;32mI (1506) wifi_init: WiFi IRAM OP enabled[0m
[0;32mI (1506) wifi_init: WiFi RX IRAM OP enabled[0m
[0;32mI (1526) phy_init: phy_version 4791,2c4672b,Dec 20 2023,16:06:06[0m
I (1596) wifi:mode : sta (24:d7:eb:18:3f:7c) + softAP (24:d7:eb:18:3f:7d)
I (1596) wifi:enable tsf
I (1606) wifi:Total power save buffer number: 16
I (1606) wifi:Init max length of beacon: 752/752
I (1606) wifi:Init max length of beacon: 752/752
[0;32mI (1616) esp_netif_lwip: DHCP server started on interface WIFI_AP_DEF with IP: 192.168.4.1[0m
I (1646) wifi:new:<1,1>, old:<1,1>, ap:<1,1>, sta:<1,0>, prof:1
I (1646) wifi:state: init -> auth (b0)
I (1666) wifi:state: auth -> assoc (0)
I (1786) wifi:state: assoc -> run (10)
I (1856) wifi:<ba-add>idx:0 (ifx:0, 0a:16:51:f7:9b:ee), tid:6, ssn:0, winSize:64
I (1896) wifi:<ba-del>idx:0, tid:6
I (1896) wifi:<ba-add>idx:0 (ifx:0, 0a:16:51:f7:9b:ee), tid:6, ssn:0, winSize:64
I (2026) wifi:connected with Cloud Coffee 2, aid = 60, channel 1, BW20, bssid = 0a:16:51:f7:9b:ee
I (2026) wifi:security: WPA2-PSK, phy: bgn, rssi: -47
I (2036) wifi:pm start, type: 1

I (2036) wifi:dp: 1, bi: 102400, li: 3, scale listen interval from 307200 us to 307200 us
I (2066) wifi:AP's beacon interval = 102400 us, DTIM period = 1
I (2116) wifi:<ba-add>idx:1 (ifx:0, 0a:16:51:f7:9b:ee), tid:0, ssn:0, winSize:64
[0;32mI (3046) esp_netif_handlers: sta ip: 192.168.61.51, mask: 255.255.254.0, gw: 192.168.60.1[0m
[0;32mI (3046) WIFI: got ip:192.168.61.51[0m
[0;32mI (3046) WIFI: connected to ap SSID:Cloud Coffee 2 password:23456789[0m
[0;32mI (3056) WIFI: Connected to WiFi network[0m
[0;32mI (3056) WIFI: Hosting at 192.168.4.1 now![0m
[0;31mE (10076) esp-tls: couldn't get hostname for :api-m.sandbox.paypal.com: getaddrinfo() returns 202, addrinfo=0x0[0m
[0;31mE (10076) esp-tls: Failed to open new connection[0m
[0;31mE (10076) transport_base: Failed to open a new connection[0m
[0;31mE (10086) HTTP_CLIENT: Connection failed, sock < 0[0m
Guru Meditation Error: Core  0 panic'ed (LoadProhibited). Exception was unhandled.

Core  0 register dump:
PC      : 0x400014fd  PS      : 0x00060330  A0      : 0x8016b5b9  A1      : 0x3ffbb5f0  
A2      : 0x00000000  A3      : 0xfffffffc  A4      : 0x000000ff  A5      : 0x0000ff00  
A6      : 0x00ff0000  A7      : 0xff000000  A8      : 0x00000000  A9      : 0x3ffbb5b0  
A10     : 0x00000000  A11     : 0x00000001  A12     : 0x3ffbb834  A13     : 0x00000000  
A14     : 0x3f403df8  A15     : 0x3ffbb804  SAR     : 0x00000004  EXCCAUSE: 0x0000001c  
EXCVADDR: 0x00000000  LBEG    : 0x400014fd  LEND    : 0x4000150d  LCOUNT  : 0xffffffff  


Backtrace: 0x400014fa:0x3ffbb5f0 0x4016b5b6:0x3ffbb600 0x401659e9:0x3ffbb920 0x4017bd89:0x3ffbb950 0x40092421:0x3ffbb980 0x400daacf:0x3ffbb9d0 0x400dacf6:0x3ffbb9f0 0x400d8830:0x3ffbbd90 0x4017b3f8:0x3ffbbdc0 0x4008bb9d:0x3ffbbde0




ELF file SHA256: cb4164999

Rebooting...
ets Jul 29 2019 12:21:46

rst:0xc (SW_CPU_RESET),boot:0x13 (SPI_FAST_FLASH_BOOT)
configsip: 0, SPIWP:0xee
clk_drv:0x00,q_drv:0x00,d_drv:0x00,cs0_drv:0x00,hd_drv:0x00,wp_drv:0x00
mode:DIO, clock div:2
load:0x3fff0030,len:7172
load:0x40078000,len:15532
load:0x40080400,len:4
load:0x40080404,len:3904
entry 0x40080640
[0;32mI (29) boot: ESP-IDF v5.2 2nd stage bootloader[0m
[0;32mI (29) boot: compile time Jul  1 2024 01:48:00[0m
[0;32mI (29) boot: Multicore bootloader[0m
[0;32mI (33) boot: chip revision: v3.0[0m
[0;32mI (37) boot.esp32: SPI Speed      : 40MHz[0m
[0;32mI (42) boot.esp32: SPI Mode       : DIO[0m
[0;32mI (46) boot.esp32: SPI Flash Size : 4MB[0m
[0;32mI (51) boot: Enabling RNG early entropy source...[0m
[0;32mI (56) boot: Partition Table:[0m
[0;32mI (60) boot: ## Label            Usage          Type ST Offset   Length[0m
[0;32mI (67) boot:  0 nvs              WiFi data        01 02 00009000 00006000[0m
[0;32mI (75) boot:  1 phy_init         RF data          01 01 0000f000 00001000[0m
[0;32mI (82) boot:  2 factory          factory app      00 00 00010000 00110000[0m
[0;32mI (90) boot:  3 storage          Unknown data     01 82 00120000 00210000[0m
[0;32mI (97) boot: End of partition table[0m
[0;32mI (101) esp_image: segment 0: paddr=00010020 vaddr=3f400020 size=3da18h (252440) map[0m
[0;32mI (196) esp_image: segment 1: paddr=0004da40 vaddr=3ffb0000 size=025d8h (  9688) load[0m
[0;32mI (200) esp_image: segment 2: paddr=00050020 vaddr=400d0020 size=ad3fch (709628) map[0m
[0;32mI (445) esp_image: segment 3: paddr=000fd424 vaddr=3ffb25d8 size=0182ch (  6188) load[0m
[0;32mI (448) esp_image: segment 4: paddr=000fec58 vaddr=40080000 size=19870h (104560) load[0m
[0;32mI (505) boot: Loaded app from partition at offset 0x10000[0m
[0;32mI (505) boot: Disabling RNG early entropy source...[0m
[0;32mI (516) cpu_start: Multicore app[0m
[0;32mI (525) cpu_start: Pro cpu start user code[0m
[0;32mI (525) cpu_start: cpu freq: 240000000 Hz[0m
[0;32mI (525) cpu_start: Application information:[0m
[0;32mI (528) cpu_start: Project name:     st7789[0m
[0;32mI (533) cpu_start: App version:      1[0m
[0;32mI (537) cpu_start: Compile time:     Jul  1 2024 01:47:40[0m
[0;32mI (543) cpu_start: ELF file SHA256:  cb4164999...[0m
[0;32mI (549) cpu_start: ESP-IDF:          v5.2[0m
[0;32mI (553) cpu_start: Min chip rev:     v0.0[0m
[0;32mI (558) cpu_start: Max chip rev:     v3.99 [0m
[0;32mI (563) cpu_start: Chip rev:         v3.0[0m
[0;32mI (568) heap_init: Initializing. RAM available for dynamic allocation:[0m
[0;32mI (575) heap_init: At 3FFAE6E0 len 00001920 (6 KiB): DRAM[0m
[0;32mI (581) heap_init: At 3FFB9AB8 len 00026548 (153 KiB): DRAM[0m
[0;32mI (587) heap_init: At 3FFE0440 len 00003AE0 (14 KiB): D/IRAM[0m
[0;32mI (594) heap_init: At 3FFE4350 len 0001BCB0 (111 KiB): D/IRAM[0m
[0;32mI (600) heap_init: At 40099870 len 00006790 (25 KiB): IRAM[0m
[0;32mI (608) spi_flash: detected chip: generic[0m
[0;32mI (611) spi_flash: flash io: dio[0m
[0;33mW (615) i2c: This driver is an old driver, please migrate your application code to adapt `driver/i2c_master.h`[0m
[0;32mI (626) main_task: Started on CPU0[0m
[0;32mI (636) main_task: Calling app_main()[0m
[0;32mI (776) gpio: GPIO[25]| InputEn: 1| OutputEn: 0| OpenDrain: 0| Pullup: 1| Pulldown: 0| Intr:2 [0m
[0;32mI (776) gpio: GPIO[26]| InputEn: 1| OutputEn: 0| OpenDrain: 0| Pullup: 1| Pulldown: 0| Intr:2 [0m
[0;32mI (776) gpio: GPIO[27]| InputEn: 1| OutputEn: 0| OpenDrain: 0| Pullup: 1| Pulldown: 0| Intr:2 [0m
[0;32mI (966) DEVICE: Partition size: total: 1980641, used: 74296[0m
[0;32mI (1386) WIFI: Name: Milk[0m
[0;32mI (1386) WIFI: Price: 1
[0m
[0;32mI (1386) WIFI: Name: Bread[0m
[0;32mI (1386) WIFI: Price: 2
[0m
[0;32mI (1386) WIFI: Name: Eggs[0m
[0;32mI (1396) WIFI: Price: 3
[0m
[0;32mI (1396) WIFI: Name: Cheese[0m
[0;32mI (1396) WIFI: Price: 4
[0m
[0;32mI (1406) WIFI: Name: Crab[0m
[0;32mI (1406) WIFI: Price: 1000[0m
I (1426) wifi:wifi driver task: 3ffc2df0, prio:23, stack:6656, core=0
I (1446) wifi:wifi firmware version: cc1dd81
I (1446) wifi:wifi certification version: v7.0
I (1446) wifi:config NVS flash: enabled
I (1446) wifi:config nano formating: disabled
I (1446) wifi:Init data frame dynamic rx buffer num: 32
I (1456) wifi:Init static rx mgmt buffer num: 5
I (1456) wifi:Init management short buffer num: 32
I (1466) wifi:Init dynamic tx buffer num: 32
I (1466) wifi:Init static rx buffer size: 1600
I (1466) wifi:Init static rx buffer num: 10
I (1476) wifi:Init dynamic rx buffer num: 32
[0;32mI (1476) wifi_init: rx ba win: 6[0m
[0;32mI (1486) wifi_init: tcpip mbox: 32[0m
[0;32mI (1486) wifi_init: udp mbox: 6[0m
[0;32mI (1486) wifi_init: tcp mbox: 6[0m
[0;32mI (1496) wifi_init: tcp tx win: 5760[0m
[0;32mI (1496) wifi_init: tcp rx win: 5760[0m
[0;32mI (1506) wifi_init: tcp mss: 1440[0m
[0;32mI (1506) wifi_init: WiFi IRAM OP enabled[0m
[0;32mI (1506) wifi_init: WiFi RX IRAM OP enabled[0m
[0;32mI (1526) phy_init: phy_version 4791,2c4672b,Dec 20 2023,16:06:06[0m
I (1586) wifi:mode : sta (24:d7:eb:18:3f:7c) + softAP (24:d7:eb:18:3f:7d)
I (1596) wifi:enable tsf
I (1596) wifi:Total power save buffer number: 16
I (1596) wifi:Init max length of beacon: 752/752
I (1596) wifi:Init max length of beacon: 752/752
[0;32mI (1606) esp_netif_lwip: DHCP server started on interface WIFI_AP_DEF with IP: 192.168.4.1[0m
I (1616) wifi:new:<1,1>, old:<1,1>, ap:<1,1>, sta:<1,0>, prof:1
I (1616) wifi:state: init -> auth (b0)
I (1636) wifi:state: auth -> assoc (0)
I (1666) wifi:state: assoc -> run (10)
I (2926) wifi:connected with Cloud Coffee 2, aid = 1, channel 1, BW20, bssid = 0a:b9:70:94:8d:51
I (2926) wifi:security: WPA2-PSK, phy: bgn, rssi: -77
I (2936) wifi:pm start, type: 1

I (2936) wifi:dp: 1, bi: 102400, li: 3, scale listen interval from 307200 us to 307200 us
I (3486) wifi:<ba-add>idx:0 (ifx:0, 0a:b9:70:94:8d:51), tid:0, ssn:1, winSize:64
I (3596) wifi:AP's beacon interval = 102400 us, DTIM period = 1
[0;32mI (11436) esp_netif_handlers: sta ip: 192.168.61.51, mask: 255.255.254.0, gw: 192.168.60.1[0m
[0;32mI (11436) WIFI: got ip:192.168.61.51[0m
[0;32mI (11436) WIFI: connected to ap SSID:Cloud Coffee 2 password:23456789[0m
[0;32mI (11446) WIFI: Connected to WiFi network[0m
[0;32mI (11446) WIFI: Hosting at 192.168.4.1 now![0m
[0;33mW (16786) esp-tls: Failed to open new connection in specified timeout[0m
[0;31mE (16786) transport_base: Failed to open a new connection[0m
[0;31mE (16786) HTTP_CLIENT: Connection failed, sock < 0[0m
Guru Meditation Error: Core  0 panic'ed (LoadProhibited). Exception was unhandled.

Core  0 register dump:
PC      : 0x400014fd  PS      : 0x00060d30  A0      : 0x8016b5b9  A1      : 0x3ffbb5f0  
A2      : 0x00000000  A3      : 0xfffffffc  A4      : 0x000000ff  A5      : 0x0000ff00  
A6      : 0x00ff0000  A7      : 0xff000000  A8      : 0x00000000  A9      : 0x3ffbb5b0  
A10     : 0x00000000  A11     : 0x00000001  A12     : 0x3ffbb834  A13     : 0x00000000  
A14     : 0x3f403df8  A15     : 0x3ffbb804  SAR     : 0x00000004  EXCCAUSE: 0x0000001c  
EXCVADDR: 0x00000000  LBEG    : 0x400014fd  LEND    : 0x4000150d  LCOUNT  : 0xffffffff  


Backtrace: 0x400014fa:0x3ffbb5f0 0x4016b5b6:0x3ffbb600 0x401659e9:0x3ffbb920 0x4017bd89:0x3ffbb950 0x40092421:0x3ffbb980 0x400daacf:0x3ffbb9d0 0x400dacf6:0x3ffbb9f0 0x400d8830:0x3ffbbd90 0x4017b3f8:0x3ffbbdc0 0x4008bb9d:0x3ffbbde0




ELF file SHA256: cb4164999

Rebooting...
ets Jul 29 2019 12:21:46

rst:0xc (SW_CPU_RESET),boot:0x13 (SPI_FAST_FLASH_BOOT)
configsip: 0, SPIWP:0xee
clk_drv:0x00,q_drv:0x00,d_drv:0x00,cs0_drv:0x00,hd_drv:0x00,wp_drv:0x00
mode:DIO, clock div:2
load:0x3fff0030,len:7172
load:0x40078000,len:15532
load:0x40080400,len:4
load:0x40080404,len:3904
entry 0x40080640
[0;32mI (29) boot: ESP-IDF v5.2 2nd stage bootloader[0m
[0;32mI (29) boot: compile time Jul  1 2024 01:48:00[0m
[0;32mI (29) boot: Multicore bootloader[0m
[0;32mI (33) boot: chip revision: v3.0[0m
[0;32mI (37) boot.esp32: SPI Speed      : 40MHz[0m
[0;32mI (42) boot.esp32: SPI Mode       : DIO[0m
[0;32mI (46) boot.esp32: SPI Flash Size : 4MB[0m
[0;32mI (51) boot: Enabling RNG early entropy source...[0m
[0;32mI (56) boot: Partition Table:[0m
[0;32mI (60) boot: ## Label            Usage          Type ST Offset   Length[0m
[0;32mI (67) boot:  0 nvs              WiFi data        01 02 00009000 00006000[0m
[0;32mI (75) boot:  1 phy_init         RF data          01 01 0000f000 00001000[0m
[0;32mI (82) boot:  2 factory          factory app      00 00 00010000 00110000[0m
[0;32mI (90) boot:  3 storage          Unknown data     01 82 00120000 00210000[0m
[0;32mI (97) boot: End of partition table[0m
[0;32mI (101) esp_image: segment 0: paddr=00010020 vaddr=3f400020 size=3da18h (252440) map[0m
[0;32mI (196) esp_image: segment 1: paddr=0004da40 vaddr=3ffb0000 size=025d8h (  9688) load[0m
[0;32mI (200) esp_image: segment 2: paddr=00050020 vaddr=400d0020 size=ad3fch (709628) map[0m
[0;32mI (445) esp_image: segment 3: paddr=000fd424 vaddr=3ffb25d8 size=0182ch (  6188) load[0m
[0;32mI (448) esp_image: segment 4: paddr=000fec58 vaddr=40080000 size=19870h (104560) load[0m
[0;32mI (505) boot: Loaded app from partition at offset 0x10000[0m
[0;32mI (505) boot: Disabling RNG early entropy source...[0m
[0;32mI (516) cpu_start: Multicore app[0m
[0;32mI (525) cpu_start: Pro cpu start user code[0m
[0;32mI (525) cpu_start: cpu freq: 240000000 Hz[0m
[0;32mI (525) cpu_start: Application information:[0m
[0;32mI (528) cpu_start: Project name:     st7789[0m
[0;32mI (533) cpu_start: App version:      1[0m
[0;32mI (537) cpu_start: Compile time:     Jul  1 2024 01:47:40[0m
[0;32mI (543) cpu_start: ELF file SHA256:  cb4164999...[0m
[0;32mI (549) cpu_start: ESP-IDF:          v5.2[0m
[0;32mI (553) cpu_start: Min chip rev:     v0.0[0m
[0;32mI (558) cpu_start: Max chip rev:     v3.99 [0m
[0;32mI (563) cpu_start: Chip rev:         v3.0[0m
[0;32mI (568) heap_init: Initializing. RAM available for dynamic allocation:[0m
[0;32mI (575) heap_init: At 3FFAE6E0 len 00001920 (6 KiB): DRAM[0m
[0;32mI (581) heap_init: At 3FFB9AB8 len 00026548 (153 KiB): DRAM[0m
[0;32mI (587) heap_init: At 3FFE0440 len 00003AE0 (14 KiB): D/IRAM[0m
[0;32mI (594) heap_init: At 3FFE4350 len 0001BCB0 (111 KiB): D/IRAM[0m
[0;32mI (600) heap_init: At 40099870 len 00006790 (25 KiB): IRAM[0m
[0;32mI (608) spi_flash: detected chip: generic[0m
[0;32mI (611) spi_flash: flash io: dio[0m
[0;33mW (615) i2c: This driver is an old driver, please migrate your application code to adapt `driver/i2c_master.h`[0m
[0;32mI (626) main_task: Started on CPU0[0m
[0;32mI (636) main_task: Calling app_main()[0m
[0;32mI (776) gpio: GPIO[25]| InputEn: 1| OutputEn: 0| OpenDrain: 0| Pullup: 1| Pulldown: 0| Intr:2 [0m
[0;32mI (776) gpio: GPIO[26]| InputEn: 1| OutputEn: 0| OpenDrain: 0| Pullup: 1| Pulldown: 0| Intr:2 [0m
[0;32mI (776) gpio: GPIO[27]| InputEn: 1| OutputEn: 0| OpenDrain: 0| Pullup: 1| Pulldown: 0| Intr:2 [0m
[0;32mI (966) DEVICE: Partition size: total: 1980641, used: 74296[0m
[0;32mI (1386) WIFI: Name: Milk[0m
[0;32mI (1386) WIFI: Price: 1
[0m
[0;32mI (1386) WIFI: Name: Bread[0m
[0;32mI (1386) WIFI: Price: 2
[0m
[0;32mI (1386) WIFI: Name: Eggs[0m
[0;32mI (1396) WIFI: Price: 3
[0m
[0;32mI (1396) WIFI: Name: Cheese[0m
[0;32mI (1396) WIFI: Price: 4
[0m
[0;32mI (1406) WIFI: Name: Crab[0m
[0;32mI (1406) WIFI: Price: 1000[0m
I (1426) wifi:wifi driver task: 3ffc2df0, prio:23, stack:6656, core=0
I (1446) wifi:wifi firmware version: cc1dd81
I (1446) wifi:wifi certification version: v7.0
I (1446) wifi:config NVS flash: enabled
I (1446) wifi:config nano formating: disabled
I (1446) wifi:Init data frame dynamic rx buffer num: 32
I (1456) wifi:Init static rx mgmt buffer num: 5
I (1456) wifi:Init management short buffer num: 32
I (1466) wifi:Init dynamic tx buffer num: 32
I (1466) wifi:Init static rx buffer size: 1600
I (1466) wifi:Init static rx buffer num: 10
I (1476) wifi:Init dynamic rx buffer num: 32
[0;32mI (1476) wifi_init: rx ba win: 6[0m
[0;32mI (1486) wifi_init: tcpip mbox: 32[0m
[0;32mI (1486) wifi_init: udp mbox: 6[0m
[0;32mI (1486) wifi_init: tcp mbox: 6[0m
[0;32mI (1496) wifi_init: tcp tx win: 5760[0m
[0;32mI (1496) wifi_init: tcp rx win: 5760[0m
[0;32mI (1506) wifi_init: tcp mss: 1440[0m
[0;32mI (1506) wifi_init: WiFi IRAM OP enabled[0m
[0;32mI (1506) wifi_init: WiFi RX IRAM OP enabled[0m
[0;32mI (1526) phy_init: phy_version 4791,2c4672b,Dec 20 2023,16:06:06[0m
I (1586) wifi:mode : sta (24:d7:eb:18:3f:7c) + softAP (24:d7:eb:18:3f:7d)
I (1596) wifi:enable tsf
I (1596) wifi:Total power save buffer number: 16
I (1596) wifi:Init max length of beacon: 752/752
I (1596) wifi:Init max length of beacon: 752/752
[0;32mI (1606) esp_netif_lwip: DHCP server started on interface WIFI_AP_DEF with IP: 192.168.4.1[0m
I (2456) wifi:ap channel adjust o:1,1 n:6,2
I (2456) wifi:new:<6,0>, old:<1,1>, ap:<6,2>, sta:<6,0>, prof:1
I (2456) wifi:state: init -> auth (b0)
I (2466) wifi:state: auth -> assoc (0)
I (2496) wifi:state: assoc -> run (10)
I (6186) wifi:connected with Cloud Coffee 2, aid = 1, channel 6, BW20, bssid = 0a:70:ab:a8:28:5e
I (6196) wifi:security: WPA2-PSK, phy: bgn, rssi: -77
I (6206) wifi:pm start, type: 1

I (6206) wifi:dp: 1, bi: 102400, li: 3, scale listen interval from 307200 us to 307200 us
I (6316) wifi:<ba-add>idx:0 (ifx:0, 0a:70:ab:a8:28:5e), tid:0, ssn:0, winSize:64
I (6546) wifi:AP's beacon interval = 102400 us, DTIM period = 1
[0;32mI (7216) esp_netif_handlers: sta ip: 192.168.61.51, mask: 255.255.254.0, gw: 192.168.60.1[0m
[0;32mI (7216) WIFI: got ip:192.168.61.51[0m
[0;32mI (7216) WIFI: connected to ap SSID:Cloud Coffee 2 password:23456789[0m
[0;32mI (7226) WIFI: Connected to WiFi network[0m
[0;32mI (7226) WIFI: Hosting at 192.168.4.1 now![0m
[0;32mI (9046) esp-x509-crt-bundle: Certificate validated[0m
[0;32mI (12516) WIFI: Response: {"scope":"https://uri.paypal.com/services/payments/futurepayments https://uri.paypal.com/services/invoicing https://uri.paypal.com/services/disputes/read-buyer https://uri.paypal.com/services/payments/realtimepayment https://uri.paypal.com/services/disputes/update-seller https://uri.paypal.com/services/payments/payment/authcapture openid https://uri.paypal.com/services/disputes/read-seller https://uri.paypal.com/services/payments/refund https://api.paypal.com/v1/vault/credit-card https://api.paypal.com/v1/payments/.* https://uri.paypal.com/payments/payouts https://api.paypal.com/v1/vault/credit-card/.* https://uri.paypal.com/services/subscriptions https://uri.paypal.com/services/applications/webhooks","access_token":"A21AAJrzFDltGBgfyfZgqQKyVXKaiRUWvgQwouyoN7fbTW8tk2R78Ki9KTT4UsAdRR9DyGC1evBtSyl4iatC1Jk_YSfu6A1oA","token_type":"Bearer","app_id":"APP-80W284485P519543T","expires_in":31322,"nonce":"2024-07-01T06:28:32ZgSDhRc1Yy90XkCmPGZamt696KufaDW4Pb14oCvb2-dY"}[0m
[0;32mI (12596) WIFI: Token: A21AAJrzFDltGBgfyfZgqQKyVXKaiRUWvgQwouyoN7fbTW8tk2R78Ki9KTT4UsAdRR9DyGC1evBtSyl4iatC1Jk_YSfu6A1oA[0m
[0;32mI (12606) ST7789: GPIO_CS=5[0m
[0;32mI (12606) gpio: GPIO[5]| InputEn: 0| OutputEn: 0| OpenDrain: 0| Pullup: 1| Pulldown: 0| Intr:0 [0m
[0;32mI (12616) ST7789: GPIO_DC=19[0m
[0;32mI (12626) gpio: GPIO[19]| InputEn: 0| OutputEn: 0| OpenDrain: 0| Pullup: 1| Pulldown: 0| Intr:0 [0m
[0;32mI (12636) ST7789: GPIO_RESET=17[0m
[0;32mI (12636) gpio: GPIO[17]| InputEn: 0| OutputEn: 0| OpenDrain: 0| Pullup: 1| Pulldown: 0| Intr:0 [0m
[0;32mI (12646) main_task: Returned from app_main()[0m
[0;32mI (12946) ST7789: GPIO_BL=-1[0m
[0;32mI (12946) ST7789: GPIO_MOSI=23[0m
[0;32mI (12946) ST7789: GPIO_SCLK=18[0m
[0;32mI (16476) PNGTest: elapsed time[ms]:2830[0m
