ets Jul 29 2019 12:21:46

rst:ï¿½ets Jul 29 2019 12:21:46

rst:0x1 (POWERON_RESET),boot:0x13 (SPI_FAST_FLASH_BOOT)
configsip: 0, SPIWP:0xee
clk_drv:0x00,q_drv:0x00,d_drv:0x00,cs0_drv:0x00,hd_drv:0x00,wp_drv:0x00
mode:DIO, clock div:2
load:0x3fff0030,len:7172
load:0x40078000,len:15532
load:0x40080400,len:4
load:0x40080404,len:3904
entry 0x40080640
[0;32mI (29) boot: ESP-IDF v5.2 2nd stage bootloader[0m
[0;32mI (29) boot: compile time Jul  1 2024 01:48:00[0m
[0;32mI (29) boot: Multicore bootloader[0m
[0;32mI (33) boot: chip revision: v3.0[0m
[0;32mI (37) boot.esp32: SPI Speed      : 40MHz[0m
[0;32mI (42) boot.esp32: SPI Mode       : DIO[0m
[0;32mI (46) boot.esp32: SPI Flash Size : 4MB[0m
[0;32mI (51) boot: Enabling RNG early entropy source...[0m
[0;32mI (56) boot: Partition Table:[0m
[0;32mI (60) boot: ## Label            Usage          Type ST Offset   Length[0m
[0;32mI (67) boot:  0 nvs              WiFi data        01 02 00009000 00006000[0m
[0;32mI (75) boot:  1 phy_init         RF data          01 01 0000f000 00001000[0m
[0;32mI (82) boot:  2 factory          factory app      00 00 00010000 00110000[0m
[0;32mI (90) boot:  3 storage          Unknown data     01 82 00120000 00210000[0m
[0;32mI (97) boot: End of partition table[0m
[0;32mI (101) esp_image: segment 0: paddr=00010020 vaddr=3f400020 size=3298ch (207244) map[0m
[0;32mI (181) esp_image: segment 1: paddr=000429b4 vaddr=3ffb0000 size=024d4h (  9428) load[0m
[0;32mI (185) esp_image: segment 2: paddr=00044e90 vaddr=40080000 size=0b188h ( 45448) load[0m
[0;32mI (204) esp_image: segment 3: paddr=00050020 vaddr=400d0020 size=5e0a8h (385192) map[0m
[0;32mI (337) esp_image: segment 4: paddr=000ae0d0 vaddr=4008b188 size=05360h ( 21344) load[0m
[0;32mI (353) boot: Loaded app from partition at offset 0x10000[0m
[0;32mI (354) boot: Disabling RNG early entropy source...[0m
[0;32mI (365) cpu_start: Multicore app[0m
[0;32mI (374) cpu_start: Pro cpu start user code[0m
[0;32mI (374) cpu_start: cpu freq: 240000000 Hz[0m
[0;32mI (374) cpu_start: Application information:[0m
[0;32mI (377) cpu_start: Project name:     st7789[0m
[0;32mI (382) cpu_start: App version:      1[0m
[0;32mI (386) cpu_start: Compile time:     Jul  1 2024 01:47:40[0m
[0;32mI (392) cpu_start: ELF file SHA256:  8a36eca65...[0m
[0;32mI (398) cpu_start: ESP-IDF:          v5.2[0m
[0;32mI (402) cpu_start: Min chip rev:     v0.0[0m
[0;32mI (407) cpu_start: Max chip rev:     v3.99 [0m
[0;32mI (412) cpu_start: Chip rev:         v3.0[0m
[0;32mI (417) heap_init: Initializing. RAM available for dynamic allocation:[0m
[0;32mI (424) heap_init: At 3FFAE6E0 len 00001920 (6 KiB): DRAM[0m
[0;32mI (430) heap_init: At 3FFB4F28 len 0002B0D8 (172 KiB): DRAM[0m
[0;32mI (436) heap_init: At 3FFE0440 len 00003AE0 (14 KiB): D/IRAM[0m
[0;32mI (442) heap_init: At 3FFE4350 len 0001BCB0 (111 KiB): D/IRAM[0m
[0;32mI (449) heap_init: At 400904E8 len 0000FB18 (62 KiB): IRAM[0m
[0;32mI (456) spi_flash: detected chip: generic[0m
[0;32mI (460) spi_flash: flash io: dio[0m
[0;33mW (464) i2c: This driver is an old driver, please migrate your application code to adapt `driver/i2c_master.h`[0m
[0;32mI (475) main_task: Started on CPU0[0m
[0;32mI (485) main_task: Calling app_main()[0m
[0;32mI (625) gpio: GPIO[25]| InputEn: 1| OutputEn: 0| OpenDrain: 0| Pullup: 1| Pulldown: 0| Intr:2 [0m
[0;32mI (625) gpio: GPIO[26]| InputEn: 1| OutputEn: 0| OpenDrain: 0| Pullup: 1| Pulldown: 0| Intr:2 [0m
[0;32mI (625) gpio: GPIO[27]| InputEn: 1| OutputEn: 0| OpenDrain: 0| Pullup: 1| Pulldown: 0| Intr:2 [0m
[0;32mI (815) DEVICE: Partition size: total: 1980641, used: 74296[0m
[0;32mI (815) ST7789: GPIO_CS=5[0m
[0;32mI (815) gpio: GPIO[5]| InputEn: 0| OutputEn: 0| OpenDrain: 0| Pullup: 1| Pulldown: 0| Intr:0 [0m
[0;32mI (815) ST7789: GPIO_DC=19[0m
[0;32mI (825) gpio: GPIO[19]| InputEn: 0| OutputEn: 0| OpenDrain: 0| Pullup: 1| Pulldown: 0| Intr:0 [0m
[0;32mI (835) ST7789: GPIO_RESET=17[0m
[0;32mI (835) gpio: GPIO[17]| InputEn: 0| OutputEn: 0| OpenDrain: 0| Pullup: 1| Pulldown: 0| Intr:0 [0m
[0;32mI (845) main_task: Returned from app_main()[0m
[0;32mI (1145) ST7789: GPIO_BL=-1[0m
[0;32mI (1145) ST7789: GPIO_MOSI=23[0m
[0;32mI (1145) ST7789: GPIO_SCLK=18[0m
[0;32mI (4615) PNGTest: elapsed time[ms]:2770[0m
[0;32mI (6445) DEVICE: Button 1 pressed[0m
[0;32mI (6445) DEVICE: select product[0m
